Component: ARM Compiler 5.06 update 7 (build 960) Tool: armlink [4d3601]

==============================================================================

Section Cross References

    startup_stm32l462xx.o(RESET) refers to startup_stm32l462xx.o(STACK) for __initial_sp
    startup_stm32l462xx.o(RESET) refers to startup_stm32l462xx.o(.text) for Reset_Handler
    startup_stm32l462xx.o(RESET) refers to stm32l4xx_it.o(i.NMI_Handler) for NMI_Handler
    startup_stm32l462xx.o(RESET) refers to stm32l4xx_it.o(i.HardFault_Handler) for HardFault_Handler
    startup_stm32l462xx.o(RESET) refers to stm32l4xx_it.o(i.MemManage_Handler) for MemManage_Handler
    startup_stm32l462xx.o(RESET) refers to stm32l4xx_it.o(i.BusFault_Handler) for BusFault_Handler
    startup_stm32l462xx.o(RESET) refers to stm32l4xx_it.o(i.UsageFault_Handler) for UsageFault_Handler
    startup_stm32l462xx.o(RESET) refers to stm32l4xx_it.o(i.SVC_Handler) for SVC_Handler
    startup_stm32l462xx.o(RESET) refers to stm32l4xx_it.o(i.DebugMon_Handler) for DebugMon_Handler
    startup_stm32l462xx.o(RESET) refers to stm32l4xx_it.o(i.PendSV_Handler) for PendSV_Handler
    startup_stm32l462xx.o(RESET) refers to stm32l4xx_it.o(i.SysTick_Handler) for SysTick_Handler
    startup_stm32l462xx.o(RESET) refers to stm32l4xx_it.o(i.DMA1_Channel6_IRQHandler) for DMA1_Channel6_IRQHandler
    startup_stm32l462xx.o(RESET) refers to stm32l4xx_it.o(i.USART2_IRQHandler) for USART2_IRQHandler
    startup_stm32l462xx.o(RESET) refers to stm32l4xx_it.o(i.TIM6_DAC_IRQHandler) for TIM6_DAC_IRQHandler
    startup_stm32l462xx.o(.text) refers to system_stm32l4xx.o(i.SystemInit) for SystemInit
    startup_stm32l462xx.o(.text) refers to entry.o(.ARM.Collect$$$$00000000) for __main
    main.o(i.Bsp_Init) refers to stm32l4xx_hal_tim.o(i.HAL_TIM_Base_Start_IT) for HAL_TIM_Base_Start_IT
    main.o(i.Bsp_Init) refers to stm32l4xx_hal_iwdg.o(i.HAL_IWDG_Refresh) for HAL_IWDG_Refresh
    main.o(i.Bsp_Init) refers to main.o(i.oled_Init) for oled_Init
    main.o(i.Bsp_Init) refers to stm32l4xx_hal_gpio.o(i.HAL_GPIO_WritePin) for HAL_GPIO_WritePin
    main.o(i.Bsp_Init) refers to stm32l4xx_hal_uart_ex.o(i.HAL_UARTEx_ReceiveToIdle_DMA) for HAL_UARTEx_ReceiveToIdle_DMA
    main.o(i.Bsp_Init) refers to main.o(i.Error_Handler) for Error_Handler
    main.o(i.Bsp_Init) refers to stm32l4xx_hal_uart.o(i.HAL_UART_ReceiverTimeout_Config) for HAL_UART_ReceiverTimeout_Config
    main.o(i.Bsp_Init) refers to main.o(.bss) for htim6
    main.o(i.Bsp_Init) refers to main.o(.data) for pBufferReadyForReception
    main.o(i.Error_Handler) refers to stm32l4xx_hal_gpio.o(i.HAL_GPIO_TogglePin) for HAL_GPIO_TogglePin
    main.o(i.Error_Handler) refers to stm32l4xx_hal_uart.o(i.HAL_UART_Transmit) for HAL_UART_Transmit
    main.o(i.Error_Handler) refers to stm32l4xx_hal.o(i.HAL_Delay) for HAL_Delay
    main.o(i.Error_Handler) refers to main.o(.bss) for huart1
    main.o(i.HAL_TIM_PeriodElapsedCallback) refers to main.o(i.Scan_Button) for Scan_Button
    main.o(i.HAL_TIM_PeriodElapsedCallback) refers to main.o(.bss) for htim6
    main.o(i.HAL_TIM_PeriodElapsedCallback) refers to main.o(.data) for button_time_count
    main.o(i.HAL_UARTEx_RxEventCallback) refers to main.o(i.UserDataTreatment) for UserDataTreatment
    main.o(i.HAL_UARTEx_RxEventCallback) refers to main.o(.data) for old_pos
    main.o(i.HAL_UARTEx_RxEventCallback) refers to main.o(.bss) for aRXBufferUser
    main.o(i.MX_DMA_Init) refers to stm32l4xx_hal_cortex.o(i.HAL_NVIC_SetPriority) for HAL_NVIC_SetPriority
    main.o(i.MX_DMA_Init) refers to stm32l4xx_hal_cortex.o(i.HAL_NVIC_EnableIRQ) for HAL_NVIC_EnableIRQ
    main.o(i.MX_GPIO_Init) refers to memseta.o(.text) for __aeabi_memclr4
    main.o(i.MX_GPIO_Init) refers to stm32l4xx_hal_gpio.o(i.HAL_GPIO_WritePin) for HAL_GPIO_WritePin
    main.o(i.MX_GPIO_Init) refers to stm32l4xx_hal_gpio.o(i.HAL_GPIO_Init) for HAL_GPIO_Init
    main.o(i.MX_I2C1_Init) refers to stm32l4xx_hal_i2c.o(i.HAL_I2C_Init) for HAL_I2C_Init
    main.o(i.MX_I2C1_Init) refers to main.o(i.Error_Handler) for Error_Handler
    main.o(i.MX_I2C1_Init) refers to stm32l4xx_hal_i2c_ex.o(i.HAL_I2CEx_ConfigAnalogFilter) for HAL_I2CEx_ConfigAnalogFilter
    main.o(i.MX_I2C1_Init) refers to stm32l4xx_hal_i2c_ex.o(i.HAL_I2CEx_ConfigDigitalFilter) for HAL_I2CEx_ConfigDigitalFilter
    main.o(i.MX_I2C1_Init) refers to main.o(.bss) for hi2c1
    main.o(i.MX_IWDG_Init) refers to stm32l4xx_hal_iwdg.o(i.HAL_IWDG_Init) for HAL_IWDG_Init
    main.o(i.MX_IWDG_Init) refers to main.o(i.Error_Handler) for Error_Handler
    main.o(i.MX_IWDG_Init) refers to main.o(.bss) for hiwdg
    main.o(i.MX_TIM6_Init) refers to stm32l4xx_hal_tim.o(i.HAL_TIM_Base_Init) for HAL_TIM_Base_Init
    main.o(i.MX_TIM6_Init) refers to main.o(i.Error_Handler) for Error_Handler
    main.o(i.MX_TIM6_Init) refers to stm32l4xx_hal_tim.o(i.HAL_TIM_OnePulse_Init) for HAL_TIM_OnePulse_Init
[...]
    ../clib/microlib/init/entry.s            0x00000000   Number         0  entry9a.o ABSOLUTE
    ../clib/microlib/init/entry.s            0x00000000   Number         0  entry8a.o ABSOLUTE
    ../clib/microlib/init/entry.s            0x00000000   Number         0  entry7b.o ABSOLUTE
    ../clib/microlib/init/entry.s            0x00000000   Number         0  entry7a.o ABSOLUTE
    ../clib/microlib/init/entry.s            0x00000000   Number         0  entry5.o ABSOLUTE
    ../clib/microlib/init/entry.s            0x00000000   Number         0  entry2.o ABSOLUTE
    ../clib/microlib/init/entry.s            0x00000000   Number         0  entry12b.o ABSOLUTE
    ../clib/microlib/init/entry.s            0x00000000   Number         0  entry10a.o ABSOLUTE
    ../clib/microlib/init/entry.s            0x00000000   Number         0  entry12a.o ABSOLUTE
    ../clib/microlib/longlong.c              0x00000000   Number         0  llushr.o ABSOLUTE
    ../clib/microlib/longlong.c              0x00000000   Number         0  llsshr.o ABSOLUTE
    ../clib/microlib/longlong.c              0x00000000   Number         0  llshl.o ABSOLUTE
    ../clib/microlib/printf/printf.c         0x00000000   Number         0  printf5.o ABSOLUTE
    ../clib/microlib/printf/printf.c         0x00000000   Number         0  printf4.o ABSOLUTE
    ../clib/microlib/printf/printf.c         0x00000000   Number         0  printf3.o ABSOLUTE
    ../clib/microlib/printf/printf.c         0x00000000   Number         0  printfa.o ABSOLUTE
    ../clib/microlib/printf/printf.c         0x00000000   Number         0  printf2.o ABSOLUTE
    ../clib/microlib/printf/printf.c         0x00000000   Number         0  printf8.o ABSOLUTE
    ../clib/microlib/printf/printf.c         0x00000000   Number         0  printfb.o ABSOLUTE
    ../clib/microlib/printf/printf.c         0x00000000   Number         0  printf7.o ABSOLUTE
    ../clib/microlib/printf/printf.c         0x00000000   Number         0  printf0.o ABSOLUTE
    ../clib/microlib/printf/printf.c         0x00000000   Number         0  printf6.o ABSOLUTE
    ../clib/microlib/printf/printf.c         0x00000000   Number         0  printf1.o ABSOLUTE
    ../clib/microlib/printf/stubs.s          0x00000000   Number         0  stubs.o ABSOLUTE
    ../clib/microlib/stdio/fputs.c           0x00000000   Number         0  fputs.o ABSOLUTE
    ../clib/microlib/stdio/fputs.c           0x00000000   Number         0  fputs_e.o ABSOLUTE
    ../clib/microlib/stdio/streams.c         0x00000000   Number         0  stderr.o ABSOLUTE
    ../clib/microlib/stdio/streams.c         0x00000000   Number         0  stdout.o ABSOLUTE
    ../clib/microlib/string/memset.c         0x00000000   Number         0  memseta.o ABSOLUTE
    ../clib/microlib/stubs.s                 0x00000000   Number         0  iusefp.o ABSOLUTE
    ../fplib/microlib/f2d.c                  0x00000000   Number         0  f2d.o ABSOLUTE
    ../fplib/microlib/fpadd.c                0x00000000   Number         0  dadd.o ABSOLUTE
    ../fplib/microlib/fpdiv.c                0x00000000   Number         0  ddiv.o ABSOLUTE
    ../fplib/microlib/fpepilogue.c           0x00000000   Number         0  depilogue.o ABSOLUTE
    ../fplib/microlib/fpfix.c                0x00000000   Number         0  dfixul.o ABSOLUTE
    ../fplib/microlib/fpflt.c                0x00000000   Number         0  dflti.o ABSOLUTE
    ../fplib/microlib/fpmul.c                0x00000000   Number         0  dmul.o ABSOLUTE
    ..\Core\Src\main.c                       0x00000000   Number         0  main.o ABSOLUTE
    ..\Core\Src\stm32l4xx_hal_msp.c          0x00000000   Number         0  stm32l4xx_hal_msp.o ABSOLUTE
    ..\Core\Src\stm32l4xx_it.c               0x00000000   Number         0  stm32l4xx_it.o ABSOLUTE
    ..\Core\Src\system_stm32l4xx.c           0x00000000   Number         0  system_stm32l4xx.o ABSOLUTE
    ..\Drivers\STM32L4xx_HAL_Driver\Src\stm32l4xx_hal.c 0x00000000   Number         0  stm32l4xx_hal.o ABSOLUTE
    ..\Drivers\STM32L4xx_HAL_Driver\Src\stm32l4xx_hal_cortex.c 0x00000000   Number         0  stm32l4xx_hal_cortex.o ABSOLUTE
    ..\Drivers\STM32L4xx_HAL_Driver\Src\stm32l4xx_hal_dma.c 0x00000000   Number         0  stm32l4xx_hal_dma.o ABSOLUTE
    ..\Drivers\STM32L4xx_HAL_Driver\Src\stm32l4xx_hal_dma_ex.c 0x00000000   Number         0  stm32l4xx_hal_dma_ex.o ABSOLUTE
    ..\Drivers\STM32L4xx_HAL_Driver\Src\stm32l4xx_hal_exti.c 0x00000000   Number         0  stm32l4xx_hal_exti.o ABSOLUTE
    ..\Drivers\STM32L4xx_HAL_Driver\Src\stm32l4xx_hal_flash.c 0x00000000   Number         0  stm32l4xx_hal_flash.o ABSOLUTE
    ..\Drivers\STM32L4xx_HAL_Driver\Src\stm32l4xx_hal_flash_ex.c 0x00000000   Number         0  stm32l4xx_hal_flash_ex.o ABSOLUTE
    ..\Drivers\STM32L4xx_HAL_Driver\Src\stm32l4xx_hal_flash_ramfunc.c 0x00000000   Number         0  stm32l4xx_hal_flash_ramfunc.o ABSOLUTE
    ..\Drivers\STM32L4xx_HAL_Driver\Src\stm32l4xx_hal_gpio.c 0x00000000   Number         0  stm32l4xx_hal_gpio.o ABSOLUTE
    ..\Drivers\STM32L4xx_HAL_Driver\Src\stm32l4xx_hal_i2c.c 0x00000000   Number         0  stm32l4xx_hal_i2c.o ABSOLUTE
    ..\Drivers\STM32L4xx_HAL_Driver\Src\stm32l4xx_hal_i2c_ex.c 0x00000000   Number         0  stm32l4xx_hal_i2c_ex.o ABSOLUTE
    ..\Drivers\STM32L4xx_HAL_Driver\Src\stm32l4xx_hal_iwdg.c 0x00000000   Number         0  stm32l4xx_hal_iwdg.o ABSOLUTE
    ..\Drivers\STM32L4xx_HAL_Driver\Src\stm32l4xx_hal_pwr.c 0x00000000   Number         0  stm32l4xx_hal_pwr.o ABSOLUTE
    ..\Drivers\STM32L4xx_HAL_Driver\Src\stm32l4xx_hal_pwr_ex.c 0x00000000   Number         0  stm32l4xx_hal_pwr_ex.o ABSOLUTE
    ..\Drivers\STM32L4xx_HAL_Driver\Src\stm32l4xx_hal_rcc.c 0x00000000   Number         0  stm32l4xx_hal_rcc.o ABSOLUTE
    ..\Drivers\STM32L4xx_HAL_Driver\Src\stm32l4xx_hal_rcc_ex.c 0x00000000   Number         0  stm32l4xx_hal_rcc_ex.o ABSOLUTE
    ..\Drivers\STM32L4xx_HAL_Driver\Src\stm32l4xx_hal_tim.c 0x00000000   Number         0  stm32l4xx_hal_tim.o ABSOLUTE
    ..\Drivers\STM32L4xx_HAL_Driver\Src\stm32l4xx_hal_tim_ex.c 0x00000000   Number         0  stm32l4xx_hal_tim_ex.o ABSOLUTE
    ..\Drivers\STM32L4xx_HAL_Driver\Src\stm32l4xx_hal_uart.c 0x00000000   Number         0  stm32l4xx_hal_uart.o ABSOLUTE
    ..\Drivers\STM32L4xx_HAL_Driver\Src\stm32l4xx_hal_uart_ex.c 0x00000000   Number         0  stm32l4xx_hal_uart_ex.o ABSOLUTE
    C:\Keil_v5\Packs\Keil\ARM_Compiler\1.7.1\Source\retarget_io.c 0x00000000   Number         0  retarget_io.o ABSOLUTE
    cdrcmple.s                               0x00000000   Number         0  cdrcmple.o ABSOLUTE
    dc.s                                     0x00000000   Number         0  dc.o ABSOLUTE
    handlers.s                               0x00000000   Number         0  handlers.o ABSOLUTE
    init.s                                   0x00000000   Number         0  init.o ABSOLUTE
    modubs\\crc16.c                          0x00000000   Number         0  crc16.o ABSOLUTE
    modubs\\modbus.c                         0x00000000   Number         0  modbus.o ABSOLUTE
    modubs\crc16.c                           0x00000000   Number         0  crc16.o ABSOLUTE
    modubs\modbus.c                          0x00000000   Number         0  modbus.o ABSOLUTE
    oled\\oled.c                             0x00000000   Number         0  oled.o ABSOLUTE
    oled\oled.c                              0x00000000   Number         0  oled.o ABSOLUTE
    startup_stm32l462xx.s                    0x00000000   Number         0  startup_stm32l462xx.o ABSOLUTE
    RESET                                    0x08000000   Section      404  startup_stm32l462xx.o(RESET)
    .ARM.Collect$$$$00000000                 0x08000194   Section        0  entry.o(.ARM.Collect$$$$00000000)
    .ARM.Collect$$$$00000001                 0x08000194   Section        4  entry2.o(.ARM.Collect$$$$00000001)
    .ARM.Collect$$$$00000004                 0x08000198   Section        4  entry5.o(.ARM.Collect$$$$00000004)
    .ARM.Collect$$$$00000008                 0x0800019c   Section        0  entry7b.o(.ARM.Collect$$$$00000008)
    .ARM.Collect$$$$0000000A                 0x0800019c   Section        0  entry8b.o(.ARM.Collect$$$$0000000A)
    .ARM.Collect$$$$0000000B                 0x0800019c   Section        8  entry9a.o(.ARM.Collect$$$$0000000B)
    .ARM.Collect$$$$0000000E                 0x080001a4   Section        4  entry12b.o(.ARM.Collect$$$$0000000E)
    .ARM.Collect$$$$0000000F                 0x080001a8   Section        0  entry10a.o(.ARM.Collect$$$$0000000F)
    .ARM.Collect$$$$00000011                 0x080001a8   Section        0  entry11a.o(.ARM.Collect$$$$00000011)
    .ARM.Collect$$$$00002712                 0x080001a8   Section        4  entry2.o(.ARM.Collect$$$$00002712)
    __lit__00000000                          0x080001a8   Data           4  entry2.o(.ARM.Collect$$$$00002712)
    .text                                    0x080001ac   Section       36  startup_stm32l462xx.o(.text)
    $v0                                      0x080001ac   Number         0  startup_stm32l462xx.o(.text)
    .text                                    0x080001d0   Section        0  uldiv.o(.text)
    .text                                    0x08000238   Section        0  memseta.o(.text)
    .text                                    0x0800025c   Section        0  dadd.o(.text)
    .text                                    0x080003ba   Section        0  dflti.o(.text)
    .text                                    0x080003dc   Section        0  f2d.o(.text)
    .text                                    0x08000402   Section        0  uidiv.o(.text)
    .text                                    0x0800042e   Section        0  llshl.o(.text)
    .text                                    0x0800044c   Section        0  llushr.o(.text)
    .text                                    0x0800046c   Section        0  llsshr.o(.text)
    .text                                    0x08000490   Section        0  iusefp.o(.text)
    .text                                    0x08000490   Section        0  depilogue.o(.text)
    .text                                    0x0800054a   Section        0  dmul.o(.text)
    .text                                    0x08000634   Section        0  ddiv.o(.text)
    .text                                    0x08000712   Section        0  dfixul.o(.text)
    .text                                    0x08000744   Section       48  cdrcmple.o(.text)
    .text                                    0x08000774   Section       36  init.o(.text)
    .text                                    0x08000798   Section        0  __dclz77c.o(.text)
    i.App_Tab_Get_CRC16                      0x080007f8   Section        0  crc16.o(i.App_Tab_Get_CRC16)
    i.Bsp_Init                               0x08000830   Section        0  main.o(i.Bsp_Init)
    i.BusFault_Handler                       0x080008a4   Section        0  stm32l4xx_it.o(i.BusFault_Handler)
    i.DMA1_Channel6_IRQHandler               0x080008a8   Section        0  stm32l4xx_it.o(i.DMA1_Channel6_IRQHandler)
    i.DMA_SetConfig                          0x080008b8   Section        0  stm32l4xx_hal_dma.o(i.DMA_SetConfig)
    DMA_SetConfig                            0x080008b9   Thumb Code    48  stm32l4xx_hal_dma.o(i.DMA_SetConfig)
    i.DebugMon_Handler                       0x080008e8   Section        0  stm32l4xx_it.o(i.DebugMon_Handler)
    i.Error_Handler                          0x080008ec   Section        0  main.o(i.Error_Handler)
    i.HAL_DMA_Abort                          0x08000928   Section        0  stm32l4xx_hal_dma.o(i.HAL_DMA_Abort)
    i.HAL_DMA_Abort_IT                       0x08000982   Section        0  stm32l4xx_hal_dma.o(i.HAL_DMA_Abort_IT)
    i.HAL_DMA_IRQHandler                     0x080009de   Section        0  stm32l4xx_hal_dma.o(i.HAL_DMA_IRQHandler)
    i.HAL_DMA_Init                           0x08000adc   Section        0  stm32l4xx_hal_dma.o(i.HAL_DMA_Init)
    i.HAL_DMA_Start_IT                       0x08000be8   Section        0  stm32l4xx_hal_dma.o(i.HAL_DMA_Start_IT)
    i.HAL_Delay                              0x08000c84   Section        0  stm32l4xx_hal.o(i.HAL_Delay)
    i.HAL_GPIO_Init                          0x08000cac   Section        0  stm32l4xx_hal_gpio.o(i.HAL_GPIO_Init)
    i.HAL_GPIO_ReadPin                       0x08000e6c   Section        0  stm32l4xx_hal_gpio.o(i.HAL_GPIO_ReadPin)
    i.HAL_GPIO_TogglePin                     0x08000e7c   Section        0  stm32l4xx_hal_gpio.o(i.HAL_GPIO_TogglePin)
    i.HAL_GPIO_WritePin                      0x08000e90   Section        0  stm32l4xx_hal_gpio.o(i.HAL_GPIO_WritePin)
    i.HAL_GetTick                            0x08000e9c   Section        0  stm32l4xx_hal.o(i.HAL_GetTick)
    i.HAL_I2CEx_ConfigAnalogFilter           0x08000ea8   Section        0  stm32l4xx_hal_i2c_ex.o(i.HAL_I2CEx_ConfigAnalogFilter)
    i.HAL_I2CEx_ConfigDigitalFilter          0x08000f12   Section        0  stm32l4xx_hal_i2c_ex.o(i.HAL_I2CEx_ConfigDigitalFilter)
    i.HAL_I2C_Init                           0x08000f7c   Section        0  stm32l4xx_hal_i2c.o(i.HAL_I2C_Init)
    i.HAL_I2C_Mem_Write                      0x08001040   Section        0  stm32l4xx_hal_i2c.o(i.HAL_I2C_Mem_Write)
    i.HAL_I2C_MspInit                        0x080011e0   Section        0  stm32l4xx_hal_msp.o(i.HAL_I2C_MspInit)
    i.HAL_IWDG_Init                          0x08001274   Section        0  stm32l4xx_hal_iwdg.o(i.HAL_IWDG_Init)
    i.HAL_IWDG_Refresh                       0x080012e4   Section        0  stm32l4xx_hal_iwdg.o(i.HAL_IWDG_Refresh)
    i.HAL_IncTick                            0x080012f4   Section        0  stm32l4xx_hal.o(i.HAL_IncTick)
    i.HAL_Init                               0x0800130c   Section        0  stm32l4xx_hal.o(i.HAL_Init)
    i.HAL_InitTick                           0x0800132c   Section        0  stm32l4xx_hal.o(i.HAL_InitTick)
    i.HAL_MspInit                            0x08001384   Section        0  stm32l4xx_hal_msp.o(i.HAL_MspInit)
    i.HAL_NVIC_EnableIRQ                     0x080013c4   Section        0  stm32l4xx_hal_cortex.o(i.HAL_NVIC_EnableIRQ)
    i.HAL_NVIC_SetPriority                   0x080013ec   Section        0  stm32l4xx_hal_cortex.o(i.HAL_NVIC_SetPriority)
    i.HAL_NVIC_SetPriorityGrouping           0x08001470   Section        0  stm32l4xx_hal_cortex.o(i.HAL_NVIC_SetPriorityGrouping)
    i.HAL_PWREx_ControlVoltageScaling        0x08001498   Section        0  stm32l4xx_hal_pwr_ex.o(i.HAL_PWREx_ControlVoltageScaling)
    i.HAL_PWREx_GetVoltageRange              0x08001524   Section        0  stm32l4xx_hal_pwr_ex.o(i.HAL_PWREx_GetVoltageRange)
    i.HAL_RCCEx_PeriphCLKConfig              0x08001534   Section        0  stm32l4xx_hal_rcc_ex.o(i.HAL_RCCEx_PeriphCLKConfig)
    i.HAL_RCC_CSSCallback                    0x08001944   Section        0  stm32l4xx_hal_rcc.o(i.HAL_RCC_CSSCallback)
    i.HAL_RCC_ClockConfig                    0x08001948   Section        0  stm32l4xx_hal_rcc.o(i.HAL_RCC_ClockConfig)
    i.HAL_RCC_EnableCSS                      0x08001ac4   Section        0  stm32l4xx_hal_rcc.o(i.HAL_RCC_EnableCSS)
    i.HAL_RCC_GetHCLKFreq                    0x08001ad8   Section        0  stm32l4xx_hal_rcc.o(i.HAL_RCC_GetHCLKFreq)
    i.HAL_RCC_GetPCLK1Freq                   0x08001ae4   Section        0  stm32l4xx_hal_rcc.o(i.HAL_RCC_GetPCLK1Freq)
    i.HAL_RCC_GetPCLK2Freq                   0x08001b08   Section        0  stm32l4xx_hal_rcc.o(i.HAL_RCC_GetPCLK2Freq)
    i.HAL_RCC_GetSysClockFreq                0x08001b2c   Section        0  stm32l4xx_hal_rcc.o(i.HAL_RCC_GetSysClockFreq)
    i.HAL_RCC_NMI_IRQHandler                 0x08001c14   Section        0  stm32l4xx_hal_rcc.o(i.HAL_RCC_NMI_IRQHandler)
    i.HAL_RCC_OscConfig                      0x08001c38   Section        0  stm32l4xx_hal_rcc.o(i.HAL_RCC_OscConfig)
    i.HAL_SYSTICK_Config                     0x080023a0   Section        0  stm32l4xx_hal_cortex.o(i.HAL_SYSTICK_Config)
    i.HAL_TIMEx_Break2Callback               0x080023d4   Section        0  stm32l4xx_hal_tim_ex.o(i.HAL_TIMEx_Break2Callback)
    i.HAL_TIMEx_BreakCallback                0x080023d6   Section        0  stm32l4xx_hal_tim_ex.o(i.HAL_TIMEx_BreakCallback)
    i.HAL_TIMEx_CommutCallback               0x080023d8   Section        0  stm32l4xx_hal_tim_ex.o(i.HAL_TIMEx_CommutCallback)
    i.HAL_TIMEx_MasterConfigSynchronization  0x080023dc   Section        0  stm32l4xx_hal_tim_ex.o(i.HAL_TIMEx_MasterConfigSynchronization)
    i.HAL_TIM_Base_Init                      0x08002470   Section        0  stm32l4xx_hal_tim.o(i.HAL_TIM_Base_Init)
    i.HAL_TIM_Base_MspInit                   0x080024e0   Section        0  stm32l4xx_hal_msp.o(i.HAL_TIM_Base_MspInit)
    i.HAL_TIM_Base_Start_IT                  0x08002524   Section        0  stm32l4xx_hal_tim.o(i.HAL_TIM_Base_Start_IT)
    i.HAL_TIM_IC_CaptureCallback             0x080025a8   Section        0  stm32l4xx_hal_tim.o(i.HAL_TIM_IC_CaptureCallback)
    i.HAL_TIM_IRQHandler                     0x080025aa   Section        0  stm32l4xx_hal_tim.o(i.HAL_TIM_IRQHandler)
    i.HAL_TIM_OC_DelayElapsedCallback        0x08002762   Section        0  stm32l4xx_hal_tim.o(i.HAL_TIM_OC_DelayElapsedCallback)
    i.HAL_TIM_OnePulse_Init                  0x08002764   Section        0  stm32l4xx_hal_tim.o(i.HAL_TIM_OnePulse_Init)
    i.HAL_TIM_OnePulse_MspInit               0x080027ca   Section        0  stm32l4xx_hal_tim.o(i.HAL_TIM_OnePulse_MspInit)
    i.HAL_TIM_PWM_PulseFinishedCallback      0x080027cc   Section        0  stm32l4xx_hal_tim.o(i.HAL_TIM_PWM_PulseFinishedCallback)
    i.HAL_TIM_PeriodElapsedCallback          0x080027d0   Section        0  main.o(i.HAL_TIM_PeriodElapsedCallback)
    i.HAL_TIM_TriggerCallback                0x08002800   Section        0  stm32l4xx_hal_tim.o(i.HAL_TIM_TriggerCallback)
    i.HAL_UARTEx_ReceiveToIdle_DMA           0x08002802   Section        0  stm32l4xx_hal_uart_ex.o(i.HAL_UARTEx_ReceiveToIdle_DMA)
    i.HAL_UARTEx_RxEventCallback             0x08002874   Section        0  main.o(i.HAL_UARTEx_RxEventCallback)
    i.HAL_UARTEx_WakeupCallback              0x0800294c   Section        0  stm32l4xx_hal_uart_ex.o(i.HAL_UARTEx_WakeupCallback)
    i.HAL_UART_ErrorCallback                 0x0800294e   Section        0  stm32l4xx_hal_uart.o(i.HAL_UART_ErrorCallback)
    i.HAL_UART_IRQHandler                    0x08002950   Section        0  stm32l4xx_hal_uart.o(i.HAL_UART_IRQHandler)
    i.HAL_UART_Init                          0x08002c98   Section        0  stm32l4xx_hal_uart.o(i.HAL_UART_Init)
    i.HAL_UART_MspInit                       0x08002d0c   Section        0  stm32l4xx_hal_msp.o(i.HAL_UART_MspInit)
    i.HAL_UART_ReceiverTimeout_Config        0x08002e68   Section        0  stm32l4xx_hal_uart.o(i.HAL_UART_ReceiverTimeout_Config)
    i.HAL_UART_RxCpltCallback                0x08002e84   Section        0  stm32l4xx_hal_uart.o(i.HAL_UART_RxCpltCallback)
    i.HAL_UART_RxHalfCpltCallback            0x08002e86   Section        0  stm32l4xx_hal_uart.o(i.HAL_UART_RxHalfCpltCallback)
    i.HAL_UART_Transmit                      0x08002e88   Section        0  stm32l4xx_hal_uart.o(i.HAL_UART_Transmit)
    i.HAL_UART_TxCpltCallback                0x08002f60   Section        0  stm32l4xx_hal_uart.o(i.HAL_UART_TxCpltCallback)
    i.HardFault_Handler                      0x08002f62   Section        0  stm32l4xx_it.o(i.HardFault_Handler)
    i.I2C_Flush_TXDR                         0x08002f66   Section        0  stm32l4xx_hal_i2c.o(i.I2C_Flush_TXDR)
    I2C_Flush_TXDR                           0x08002f67   Thumb Code    40  stm32l4xx_hal_i2c.o(i.I2C_Flush_TXDR)
    i.I2C_IsErrorOccurred                    0x08002f90   Section        0  stm32l4xx_hal_i2c.o(i.I2C_IsErrorOccurred)
    I2C_IsErrorOccurred                      0x08002f91   Thumb Code   322  stm32l4xx_hal_i2c.o(i.I2C_IsErrorOccurred)
    i.I2C_RequestMemoryWrite                 0x080030e0   Section        0  stm32l4xx_hal_i2c.o(i.I2C_RequestMemoryWrite)
    I2C_RequestMemoryWrite                   0x080030e1   Thumb Code   118  stm32l4xx_hal_i2c.o(i.I2C_RequestMemoryWrite)
    i.I2C_TransferConfig                     0x0800315c   Section        0  stm32l4xx_hal_i2c.o(i.I2C_TransferConfig)
    I2C_TransferConfig                       0x0800315d   Thumb Code    56  stm32l4xx_hal_i2c.o(i.I2C_TransferConfig)
    i.I2C_WaitOnFlagUntilTimeout             0x08003194   Section        0  stm32l4xx_hal_i2c.o(i.I2C_WaitOnFlagUntilTimeout)
    I2C_WaitOnFlagUntilTimeout               0x08003195   Thumb Code    94  stm32l4xx_hal_i2c.o(i.I2C_WaitOnFlagUntilTimeout)
    i.I2C_WaitOnSTOPFlagUntilTimeout         0x080031f2   Section        0  stm32l4xx_hal_i2c.o(i.I2C_WaitOnSTOPFlagUntilTimeout)
    I2C_WaitOnSTOPFlagUntilTimeout           0x080031f3   Thumb Code    86  stm32l4xx_hal_i2c.o(i.I2C_WaitOnSTOPFlagUntilTimeout)
    i.I2C_WaitOnTXISFlagUntilTimeout         0x08003248   Section        0  stm32l4xx_hal_i2c.o(i.I2C_WaitOnTXISFlagUntilTimeout)
    I2C_WaitOnTXISFlagUntilTimeout           0x08003249   Thumb Code    90  stm32l4xx_hal_i2c.o(i.I2C_WaitOnTXISFlagUntilTimeout)
    i.MX_DMA_Init                            0x080032a4   Section        0  main.o(i.MX_DMA_Init)
    MX_DMA_Init                              0x080032a5   Thumb Code    48  main.o(i.MX_DMA_Init)
    i.MX_GPIO_Init                           0x080032d8   Section        0  main.o(i.MX_GPIO_Init)
    MX_GPIO_Init                             0x080032d9   Thumb Code   206  main.o(i.MX_GPIO_Init)
    i.MX_I2C1_Init                           0x080033b0   Section        0  main.o(i.MX_I2C1_Init)
    MX_I2C1_Init                             0x080033b1   Thumb Code    74  main.o(i.MX_I2C1_Init)
    i.MX_IWDG_Init                           0x08003408   Section        0  main.o(i.MX_IWDG_Init)
    MX_IWDG_Init                             0x08003409   Thumb Code    34  main.o(i.MX_IWDG_Init)
    i.MX_TIM6_Init                           0x08003434   Section        0  main.o(i.MX_TIM6_Init)
    MX_TIM6_Init                             0x08003435   Thumb Code    82  main.o(i.MX_TIM6_Init)
    i.MX_USART1_UART_Init                    0x08003490   Section        0  main.o(i.MX_USART1_UART_Init)
    MX_USART1_UART_Init                      0x08003491   Thumb Code    56  main.o(i.MX_USART1_UART_Init)
    i.MX_USART2_UART_Init                    0x080034d0   Section        0  main.o(i.MX_USART2_UART_Init)
    MX_USART2_UART_Init                      0x080034d1   Thumb Code    56  main.o(i.MX_USART2_UART_Init)
    i.Master_Rx_Data                         0x08003510   Section        0  modbus.o(i.Master_Rx_Data)
    i.Master_Send                            0x08003684   Section        0  modbus.o(i.Master_Send)
    i.MemManage_Handler                      0x080036fc   Section        0  stm32l4xx_it.o(i.MemManage_Handler)
    i.NMI_Handler                            0x08003700   Section        0  stm32l4xx_it.o(i.NMI_Handler)
    i.OLED_Clear                             0x08003708   Section        0  oled.o(i.OLED_Clear)
    i.OLED_Display_On                        0x08003740   Section        0  oled.o(i.OLED_Display_On)
    i.OLED_Init                              0x08003756   Section        0  oled.o(i.OLED_Init)
    i.OLED_Set_Pos                           0x08003764   Section        0  oled.o(i.OLED_Set_Pos)
    i.OLED_ShowCHinese                       0x08003788   Section        0  oled.o(i.OLED_ShowCHinese)
    i.OLED_ShowChar                          0x080037ec   Section        0  oled.o(i.OLED_ShowChar)
    i.OLED_ShowNum                           0x08003880   Section        0  oled.o(i.OLED_ShowNum)
    i.OLED_ShowString                        0x08003914   Section        0  oled.o(i.OLED_ShowString)
    i.OLED_WR_CMD                            0x0800396c   Section        0  oled.o(i.OLED_WR_CMD)
    i.OLED_WR_DATA                           0x08003994   Section        0  oled.o(i.OLED_WR_DATA)
    i.PendSV_Handler                         0x080039bc   Section        0  stm32l4xx_it.o(i.PendSV_Handler)
    i.RCCEx_PLLSAI1_Config                   0x080039c0   Section        0  stm32l4xx_hal_rcc_ex.o(i.RCCEx_PLLSAI1_Config)
    RCCEx_PLLSAI1_Config                     0x080039c1   Thumb Code   376  stm32l4xx_hal_rcc_ex.o(i.RCCEx_PLLSAI1_Config)
    i.RCC_SetFlashLatencyFromMSIRange        0x08003b48   Section        0  stm32l4xx_hal_rcc.o(i.RCC_SetFlashLatencyFromMSIRange)
    RCC_SetFlashLatencyFromMSIRange          0x08003b49   Thumb Code   148  stm32l4xx_hal_rcc.o(i.RCC_SetFlashLatencyFromMSIRange)
    i.SVC_Handler                            0x08003be4   Section        0  stm32l4xx_it.o(i.SVC_Handler)
    i.Scan_Button                            0x08003be8   Section        0  main.o(i.Scan_Button)
    i.SysTick_Handler                        0x08003cac   Section        0  stm32l4xx_it.o(i.SysTick_Handler)
    i.SystemClock_Config                     0x08003cb4   Section        0  main.o(i.SystemClock_Config)
    i.SystemInit                             0x08003d30   Section        0  system_stm32l4xx.o(i.SystemInit)
    i.TIM6_DAC_IRQHandler                    0x08003d44   Section        0  stm32l4xx_it.o(i.TIM6_DAC_IRQHandler)
    i.TIM_Base_SetConfig                     0x08003d54   Section        0  stm32l4xx_hal_tim.o(i.TIM_Base_SetConfig)
    i.UART_AdvFeatureConfig                  0x08003dd8   Section        0  stm32l4xx_hal_uart.o(i.UART_AdvFeatureConfig)
    i.UART_CheckIdleState                    0x08003ed0   Section        0  stm32l4xx_hal_uart.o(i.UART_CheckIdleState)
    i.UART_DMAAbortOnError                   0x08003f42   Section        0  stm32l4xx_hal_uart.o(i.UART_DMAAbortOnError)
    UART_DMAAbortOnError                     0x08003f43   Thumb Code    24  stm32l4xx_hal_uart.o(i.UART_DMAAbortOnError)
    i.UART_DMAError                          0x08003f5a   Section        0  stm32l4xx_hal_uart.o(i.UART_DMAError)
    UART_DMAError                            0x08003f5b   Thumb Code    90  stm32l4xx_hal_uart.o(i.UART_DMAError)
    i.UART_DMAReceiveCplt                    0x08003fb4   Section        0  stm32l4xx_hal_uart.o(i.UART_DMAReceiveCplt)
    UART_DMAReceiveCplt                      0x08003fb5   Thumb Code   174  stm32l4xx_hal_uart.o(i.UART_DMAReceiveCplt)
    i.UART_DMARxHalfCplt                     0x08004062   Section        0  stm32l4xx_hal_uart.o(i.UART_DMARxHalfCplt)
    UART_DMARxHalfCplt                       0x08004063   Thumb Code    34  stm32l4xx_hal_uart.o(i.UART_DMARxHalfCplt)
    i.UART_EndRxTransfer                     0x08004084   Section        0  stm32l4xx_hal_uart.o(i.UART_EndRxTransfer)
    UART_EndRxTransfer                       0x08004085   Thumb Code   100  stm32l4xx_hal_uart.o(i.UART_EndRxTransfer)
    i.UART_EndTransmit_IT                    0x080040e8   Section        0  stm32l4xx_hal_uart.o(i.UART_EndTransmit_IT)
    UART_EndTransmit_IT                      0x080040e9   Thumb Code    46  stm32l4xx_hal_uart.o(i.UART_EndTransmit_IT)
    i.UART_EndTxTransfer                     0x08004116   Section        0  stm32l4xx_hal_uart.o(i.UART_EndTxTransfer)
    UART_EndTxTransfer                       0x08004117   Thumb Code    32  stm32l4xx_hal_uart.o(i.UART_EndTxTransfer)
    i.UART_SetConfig                         0x08004138   Section        0  stm32l4xx_hal_uart.o(i.UART_SetConfig)
    i.UART_Start_Receive_DMA                 0x08004468   Section        0  stm32l4xx_hal_uart.o(i.UART_Start_Receive_DMA)
    i.UART_WaitOnFlagUntilTimeout            0x0800453c   Section        0  stm32l4xx_hal_uart.o(i.UART_WaitOnFlagUntilTimeout)
    i.USART2_IRQHandler                      0x08004634   Section        0  stm32l4xx_it.o(i.USART2_IRQHandler)
    i.UsageFault_Handler                     0x08004644   Section        0  stm32l4xx_it.o(i.UsageFault_Handler)
    i.UserDataTreatment                      0x08004648   Section        0  main.o(i.UserDataTreatment)
    i.WriteCmd                               0x0800466c   Section        0  oled.o(i.WriteCmd)
    i.__0printf                              0x080046a4   Section        0  printfa.o(i.__0printf)
    i.__0sprintf                             0x080046c4   Section        0  printfa.o(i.__0sprintf)
    i.__NVIC_GetPriorityGrouping             0x080046ec   Section        0  stm32l4xx_hal_cortex.o(i.__NVIC_GetPriorityGrouping)
    __NVIC_GetPriorityGrouping               0x080046ed   Thumb Code    10  stm32l4xx_hal_cortex.o(i.__NVIC_GetPriorityGrouping)
    i.__NVIC_SetPriority                     0x080046fc   Section        0  stm32l4xx_hal_cortex.o(i.__NVIC_SetPriority)
    __NVIC_SetPriority                       0x080046fd   Thumb Code    32  stm32l4xx_hal_cortex.o(i.__NVIC_SetPriority)
    i.__scatterload_copy                     0x08004724   Section       14  handlers.o(i.__scatterload_copy)
    i.__scatterload_null                     0x08004732   Section        2  handlers.o(i.__scatterload_null)
    i.__scatterload_zeroinit                 0x08004734   Section       14  handlers.o(i.__scatterload_zeroinit)
    i._fp_digits                             0x08004744   Section        0  printfa.o(i._fp_digits)
    _fp_digits                               0x08004745   Thumb Code   366  printfa.o(i._fp_digits)
    i._printf_core                           0x080048d0   Section        0  printfa.o(i._printf_core)
    _printf_core                             0x080048d1   Thumb Code  1704  printfa.o(i._printf_core)
    i._printf_post_padding                   0x08004f8a   Section        0  printfa.o(i._printf_post_padding)
    _printf_post_padding                     0x08004f8b   Thumb Code    36  printfa.o(i._printf_post_padding)
    i._printf_pre_padding                    0x08004fae   Section        0  printfa.o(i._printf_pre_padding)
    _printf_pre_padding                      0x08004faf   Thumb Code    46  printfa.o(i._printf_pre_padding)
    i._sputc                                 0x08004fdc   Section        0  printfa.o(i._sputc)
    _sputc                                   0x08004fdd   Thumb Code    10  printfa.o(i._sputc)
    i.fputc                                  0x08004fe8   Section        0  retarget_io.o(i.fputc)
    i.main                                   0x08005008   Section        0  main.o(i.main)
    i.oled_Init                              0x08005260   Section        0  main.o(i.oled_Init)
    i.oled_pow                               0x08005270   Section        0  oled.o(i.oled_pow)
    i.oled_show_inf                          0x08005288   Section        0  main.o(i.oled_show_inf)
    i.stdout_putchar                         0x08005404   Section        0  main.o(i.stdout_putchar)
    .constdata                               0x0800541c   Section       72  system_stm32l4xx.o(.constdata)
    .constdata                               0x08005464   Section      512  crc16.o(.constdata)
    aucCRCHi                                 0x08005464   Data         256  crc16.o(.constdata)
    aucCRCLo                                 0x08005564   Data         256  crc16.o(.constdata)
    .constdata                               0x08005664   Section     2072  oled.o(.constdata)
    .conststring                             0x08005e7c   Section       62  main.o(.conststring)
    .data                                    0x20000000   Section      113  main.o(.data)
    button_xd                                0x2000006c   Data           4  main.o(.data)
    old_pos                                  0x20000070   Data           1  main.o(.data)
    .data                                    0x20000074   Section        9  stm32l4xx_hal.o(.data)
    .data                                    0x20000080   Section        4  system_stm32l4xx.o(.data)
    .data                                    0x20000084   Section       10  modbus.o(.data)
    CRC16Temp                                0x20000084   Data           2  modbus.o(.data)
    SendBuf                                  0x20000086   Data           8  modbus.o(.data)
    .data                                    0x2000008e   Section     2075  oled.o(.data)
    .data                                    0x200008ac   Section        4  stdout.o(.data)
    .bss                                     0x200008b0   Section      756  main.o(.bss)
    STACK                                    0x20000ba8   Section     1024  startup_stm32l462xx.o(STACK)

    Global Symbols

    Symbol Name                              Value     Ov Type        Size  Object(Section)

    BuildAttributes$$THM_ISAv4$E$P$D$K$B$S$7EM$VFPi3$EXTD16$VFPS$VFMA$PE$A:L22UL41UL21$X:L11$S22US41US21$IEEE1$IW$USESV6$~STKCKD$USESV7$~SHL$OSPACE$ROPI$EBA8$MICROLIB$REQ8$PRES8$EABIv2 0x00000000   Number         0  anon$$obj.o ABSOLUTE
    __ARM_use_no_argv                        0x00000000   Number         0  main.o ABSOLUTE
    _printf_a                                0x00000000   Number         0  stubs.o ABSOLUTE
    _printf_c                                0x00000000   Number         0  stubs.o ABSOLUTE
    _printf_charcount                        0x00000000   Number         0  stubs.o ABSOLUTE
    _printf_d                                0x00000000   Number         0  stubs.o ABSOLUTE
    _printf_e                                0x00000000   Number         0  stubs.o ABSOLUTE
    _printf_f                                0x00000000   Number         0  stubs.o ABSOLUTE
    _printf_flags                            0x00000000   Number         0  stubs.o ABSOLUTE
    _printf_fp_dec                           0x00000000   Number         0  stubs.o ABSOLUTE
    _printf_fp_hex                           0x00000000   Number         0  stubs.o ABSOLUTE
    _printf_g                                0x00000000   Number         0  stubs.o ABSOLUTE
    _printf_i                                0x00000000   Number         0  stubs.o ABSOLUTE
    _printf_int_dec                          0x00000000   Number         0  stubs.o ABSOLUTE
    _printf_l                                0x00000000   Number         0  stubs.o ABSOLUTE
    _printf_lc                               0x00000000   Number         0  stubs.o ABSOLUTE
    _printf_ll                               0x00000000   Number         0  stubs.o ABSOLUTE
    _printf_lld                              0x00000000   Number         0  stubs.o ABSOLUTE
    _printf_lli                              0x00000000   Number         0  stubs.o ABSOLUTE
    _printf_llo                              0x00000000   Number         0  stubs.o ABSOLUTE
    _printf_llu                              0x00000000   Number         0  stubs.o ABSOLUTE
    _printf_llx                              0x00000000   Number         0  stubs.o ABSOLUTE
    _printf_longlong_dec                     0x00000000   Number         0  stubs.o ABSOLUTE
    _printf_longlong_hex                     0x00000000   Number         0  stubs.o ABSOLUTE
    _printf_longlong_oct                     0x00000000   Number         0  stubs.o ABSOLUTE
    _printf_ls                               0x00000000   Number         0  stubs.o ABSOLUTE
    _printf_mbtowc                           0x00000000   Number         0  stubs.o ABSOLUTE
    _printf_n                                0x00000000   Number         0  stubs.o ABSOLUTE
    _printf_o                                0x00000000   Number         0  stubs.o ABSOLUTE
    _printf_p                                0x00000000   Number         0  stubs.o ABSOLUTE
    _printf_percent                          0x00000000   Number         0  stubs.o ABSOLUTE
    _printf_pre_padding                      0x00000000   Number         0  stubs.o ABSOLUTE
    _printf_return_value                     0x00000000   Number         0  stubs.o ABSOLUTE
    _printf_s                                0x00000000   Number         0  stubs.o ABSOLUTE
    _printf_sizespec                         0x00000000   Number         0  stubs.o ABSOLUTE
    _printf_str                              0x00000000   Number         0  stubs.o ABSOLUTE
    _printf_truncate_signed                  0x00000000   Number         0  stubs.o ABSOLUTE
    _printf_truncate_unsigned                0x00000000   Number         0  stubs.o ABSOLUTE
    _printf_u                                0x00000000   Number         0  stubs.o ABSOLUTE
    _printf_wc                               0x00000000   Number         0  stubs.o ABSOLUTE
    _printf_wctomb                           0x00000000   Number         0  stubs.o ABSOLUTE
    _printf_widthprec                        0x00000000   Number         0  stubs.o ABSOLUTE
    _printf_x                                0x00000000   Number         0  stubs.o ABSOLUTE
    __arm_fini_                               - Undefined Weak Reference
    __cpp_initialize__aeabi_                  - Undefined Weak Reference
    __cxa_finalize                            - Undefined Weak Reference
    _clock_init                               - Undefined Weak Reference
    _microlib_exit                            - Undefined Weak Reference
    __Vectors_Size                           0x00000194   Number         0  startup_stm32l462xx.o ABSOLUTE
    __Vectors                                0x08000000   Data           4  startup_stm32l462xx.o(RESET)
    __Vectors_End                            0x08000194   Data           0  startup_stm32l462xx.o(RESET)
    __main                                   0x08000195   Thumb Code     0  entry.o(.ARM.Collect$$$$00000000)
    _main_stk                                0x08000195   Thumb Code     0  entry2.o(.ARM.Collect$$$$00000001)
    _main_scatterload                        0x08000199   Thumb Code     0  entry5.o(.ARM.Collect$$$$00000004)
    __main_after_scatterload                 0x0800019d   Thumb Code     0  entry5.o(.ARM.Collect$$$$00000004)
    _main_clock                              0x0800019d   Thumb Code     0  entry7b.o(.ARM.Collect$$$$00000008)
    _main_cpp_init                           0x0800019d   Thumb Code     0  entry8b.o(.ARM.Collect$$$$0000000A)
    _main_init                               0x0800019d   Thumb Code     0  entry9a.o(.ARM.Collect$$$$0000000B)
    __rt_lib_shutdown_fini                   0x080001a5   Thumb Code     0  entry12b.o(.ARM.Collect$$$$0000000E)
    __rt_final_cpp                           0x080001a9   Thumb Code     0  entry10a.o(.ARM.Collect$$$$0000000F)
    __rt_final_exit                          0x080001a9   Thumb Code     0  entry11a.o(.ARM.Collect$$$$00000011)
    Reset_Handler                            0x080001ad   Thumb Code     8  startup_stm32l462xx.o(.text)
    ADC1_IRQHandler                          0x080001c7   Thumb Code     0  startup_stm32l462xx.o(.text)
    AES_IRQHandler                           0x080001c7   Thumb Code     0  startup_stm32l462xx.o(.text)
    CAN1_RX0_IRQHandler                      0x080001c7   Thumb Code     0  startup_stm32l462xx.o(.text)
    CAN1_RX1_IRQHandler                      0x080001c7   Thumb Code     0  startup_stm32l462xx.o(.text)
    CAN1_SCE_IRQHandler                      0x080001c7   Thumb Code     0  startup_stm32l462xx.o(.text)
    CAN1_TX_IRQHandler                       0x080001c7   Thumb Code     0  startup_stm32l462xx.o(.text)
    COMP_IRQHandler                          0x080001c7   Thumb Code     0  startup_stm32l462xx.o(.text)
    CRS_IRQHandler                           0x080001c7   Thumb Code     0  startup_stm32l462xx.o(.text)
    DFSDM1_FLT0_IRQHandler                   0x080001c7   Thumb Code     0  startup_stm32l462xx.o(.text)
    DFSDM1_FLT1_IRQHandler                   0x080001c7   Thumb Code     0  startup_stm32l462xx.o(.text)
    DMA1_Channel1_IRQHandler                 0x080001c7   Thumb Code     0  startup_stm32l462xx.o(.text)
    DMA1_Channel2_IRQHandler                 0x080001c7   Thumb Code     0  startup_stm32l462xx.o(.text)
    DMA1_Channel3_IRQHandler                 0x080001c7   Thumb Code     0  startup_stm32l462xx.o(.text)
    DMA1_Channel4_IRQHandler                 0x080001c7   Thumb Code     0  startup_stm32l462xx.o(.text)
    DMA1_Channel5_IRQHandler                 0x080001c7   Thumb Code     0  startup_stm32l462xx.o(.text)
    DMA1_Channel7_IRQHandler                 0x080001c7   Thumb Code     0  startup_stm32l462xx.o(.text)
    DMA2_Channel1_IRQHandler                 0x080001c7   Thumb Code     0  startup_stm32l462xx.o(.text)
    DMA2_Channel2_IRQHandler                 0x080001c7   Thumb Code     0  startup_stm32l462xx.o(.text)
    DMA2_Channel3_IRQHandler                 0x080001c7   Thumb Code     0  startup_stm32l462xx.o(.text)
    DMA2_Channel4_IRQHandler                 0x080001c7   Thumb Code     0  startup_stm32l462xx.o(.text)
    DMA2_Channel5_IRQHandler                 0x080001c7   Thumb Code     0  startup_stm32l462xx.o(.text)
    DMA2_Channel6_IRQHandler                 0x080001c7   Thumb Code     0  startup_stm32l462xx.o(.text)
    DMA2_Channel7_IRQHandler                 0x080001c7   Thumb Code     0  startup_stm32l462xx.o(.text)
    EXTI0_IRQHandler                         0x080001c7   Thumb Code     0  startup_stm32l462xx.o(.text)
    EXTI15_10_IRQHandler                     0x080001c7   Thumb Code     0  startup_stm32l462xx.o(.text)
    EXTI1_IRQHandler                         0x080001c7   Thumb Code     0  startup_stm32l462xx.o(.text)
    EXTI2_IRQHandler                         0x080001c7   Thumb Code     0  startup_stm32l462xx.o(.text)
    EXTI3_IRQHandler                         0x080001c7   Thumb Code     0  startup_stm32l462xx.o(.text)
    EXTI4_IRQHandler                         0x080001c7   Thumb Code     0  startup_stm32l462xx.o(.text)
    EXTI9_5_IRQHandler                       0x080001c7   Thumb Code     0  startup_stm32l462xx.o(.text)
    FLASH_IRQHandler                         0x080001c7   Thumb Code     0  startup_stm32l462xx.o(.text)
    FPU_IRQHandler                           0x080001c7   Thumb Code     0  startup_stm32l462xx.o(.text)
    I2C1_ER_IRQHandler                       0x080001c7   Thumb Code     0  startup_stm32l462xx.o(.text)
    I2C1_EV_IRQHandler                       0x080001c7   Thumb Code     0  startup_stm32l462xx.o(.text)
    I2C2_ER_IRQHandler                       0x080001c7   Thumb Code     0  startup_stm32l462xx.o(.text)
    I2C2_EV_IRQHandler                       0x080001c7   Thumb Code     0  startup_stm32l462xx.o(.text)
    I2C3_ER_IRQHandler                       0x080001c7   Thumb Code     0  startup_stm32l462xx.o(.text)
    I2C3_EV_IRQHandler                       0x080001c7   Thumb Code     0  startup_stm32l462xx.o(.text)
    I2C4_ER_IRQHandler                       0x080001c7   Thumb Code     0  startup_stm32l462xx.o(.text)
    I2C4_EV_IRQHandler                       0x080001c7   Thumb Code     0  startup_stm32l462xx.o(.text)
    LPTIM1_IRQHandler                        0x080001c7   Thumb Code     0  startup_stm32l462xx.o(.text)
    LPTIM2_IRQHandler                        0x080001c7   Thumb Code     0  startup_stm32l462xx.o(.text)
    LPUART1_IRQHandler                       0x080001c7   Thumb Code     0  startup_stm32l462xx.o(.text)
    PVD_PVM_IRQHandler                       0x080001c7   Thumb Code     0  startup_stm32l462xx.o(.text)
    QUADSPI_IRQHandler                       0x080001c7   Thumb Code     0  startup_stm32l462xx.o(.text)
    RCC_IRQHandler                           0x080001c7   Thumb Code     0  startup_stm32l462xx.o(.text)
    RNG_IRQHandler                           0x080001c7   Thumb Code     0  startup_stm32l462xx.o(.text)
    RTC_Alarm_IRQHandler                     0x080001c7   Thumb Code     0  startup_stm32l462xx.o(.text)
    RTC_WKUP_IRQHandler                      0x080001c7   Thumb Code     0  startup_stm32l462xx.o(.text)
    SAI1_IRQHandler                          0x080001c7   Thumb Code     0  startup_stm32l462xx.o(.text)
    SDMMC1_IRQHandler                        0x080001c7   Thumb Code     0  startup_stm32l462xx.o(.text)
    SPI1_IRQHandler                          0x080001c7   Thumb Code     0  startup_stm32l462xx.o(.text)
    SPI2_IRQHandler                          0x080001c7   Thumb Code     0  startup_stm32l462xx.o(.text)
    SPI3_IRQHandler                          0x080001c7   Thumb Code     0  startup_stm32l462xx.o(.text)
    TAMP_STAMP_IRQHandler                    0x080001c7   Thumb Code     0  startup_stm32l462xx.o(.text)
    TIM1_BRK_TIM15_IRQHandler                0x080001c7   Thumb Code     0  startup_stm32l462xx.o(.text)
    TIM1_CC_IRQHandler                       0x080001c7   Thumb Code     0  startup_stm32l462xx.o(.text)
    TIM1_TRG_COM_IRQHandler                  0x080001c7   Thumb Code     0  startup_stm32l462xx.o(.text)
    TIM1_UP_TIM16_IRQHandler                 0x080001c7   Thumb Code     0  startup_stm32l462xx.o(.text)
    TIM2_IRQHandler                          0x080001c7   Thumb Code     0  startup_stm32l462xx.o(.text)
    TIM3_IRQHandler                          0x080001c7   Thumb Code     0  startup_stm32l462xx.o(.text)
    TSC_IRQHandler                           0x080001c7   Thumb Code     0  startup_stm32l462xx.o(.text)
    UART4_IRQHandler                         0x080001c7   Thumb Code     0  startup_stm32l462xx.o(.text)
    USART1_IRQHandler                        0x080001c7   Thumb Code     0  startup_stm32l462xx.o(.text)
    USART3_IRQHandler                        0x080001c7   Thumb Code     0  startup_stm32l462xx.o(.text)
    USB_IRQHandler                           0x080001c7   Thumb Code     0  startup_stm32l462xx.o(.text)
    WWDG_IRQHandler                          0x080001c7   Thumb Code     0  startup_stm32l462xx.o(.text)
    __aeabi_uldivmod                         0x080001d1   Thumb Code    98  uldiv.o(.text)
    __aeabi_memset                           0x08000239   Thumb Code    14  memseta.o(.text)
    __aeabi_memset4                          0x08000239   Thumb Code     0  memseta.o(.text)
    __aeabi_memset8                          0x08000239   Thumb Code     0  memseta.o(.text)
    __aeabi_memclr                           0x08000247   Thumb Code     4  memseta.o(.text)
    __aeabi_memclr4                          0x08000247   Thumb Code     0  memseta.o(.text)
    __aeabi_memclr8                          0x08000247   Thumb Code     0  memseta.o(.text)
    _memset$wrapper                          0x0800024b   Thumb Code    18  memseta.o(.text)
    __aeabi_dadd                             0x0800025d   Thumb Code   322  dadd.o(.text)
    __aeabi_dsub                             0x0800039f   Thumb Code     6  dadd.o(.text)
    __aeabi_drsub                            0x080003a5   Thumb Code     6  dadd.o(.text)
    __aeabi_i2d                              0x080003bb   Thumb Code    34  dflti.o(.text)
    __aeabi_f2d                              0x080003dd   Thumb Code    38  f2d.o(.text)
    __aeabi_uidiv                            0x08000403   Thumb Code     0  uidiv.o(.text)
    __aeabi_uidivmod                         0x08000403   Thumb Code    44  uidiv.o(.text)
    __aeabi_llsl                             0x0800042f   Thumb Code    30  llshl.o(.text)
    _ll_shift_l                              0x0800042f   Thumb Code     0  llshl.o(.text)
    __aeabi_llsr                             0x0800044d   Thumb Code    32  llushr.o(.text)
    _ll_ushift_r                             0x0800044d   Thumb Code     0  llushr.o(.text)
    __aeabi_lasr                             0x0800046d   Thumb Code    36  llsshr.o(.text)
    _ll_sshift_r                             0x0800046d   Thumb Code     0  llsshr.o(.text)
    __I$use$fp                               0x08000491   Thumb Code     0  iusefp.o(.text)
    _double_round                            0x08000491   Thumb Code    30  depilogue.o(.text)
    _double_epilogue                         0x080004af   Thumb Code   156  depilogue.o(.text)
    __aeabi_dmul                             0x0800054b   Thumb Code   228  dmul.o(.text)
    __aeabi_ddiv                             0x08000635   Thumb Code   222  ddiv.o(.text)
    __aeabi_d2ulz                            0x08000713   Thumb Code    48  dfixul.o(.text)
    __aeabi_cdrcmple                         0x08000745   Thumb Code    48  cdrcmple.o(.text)
    __scatterload                            0x08000775   Thumb Code    28  init.o(.text)
    __scatterload_rt2                        0x08000775   Thumb Code     0  init.o(.text)
    __decompress                             0x08000799   Thumb Code     0  __dclz77c.o(.text)
    __decompress2                            0x08000799   Thumb Code    94  __dclz77c.o(.text)
    App_Tab_Get_CRC16                        0x080007f9   Thumb Code    48  crc16.o(i.App_Tab_Get_CRC16)
    Bsp_Init                                 0x08000831   Thumb Code    80  main.o(i.Bsp_Init)
    BusFault_Handler                         0x080008a5   Thumb Code     4  stm32l4xx_it.o(i.BusFault_Handler)
    DMA1_Channel6_IRQHandler                 0x080008a9   Thumb Code    10  stm32l4xx_it.o(i.DMA1_Channel6_IRQHandler)
    DebugMon_Handler                         0x080008e9   Thumb Code     2  stm32l4xx_it.o(i.DebugMon_Handler)
    Error_Handler                            0x080008ed   Thumb Code    34  main.o(i.Error_Handler)
    HAL_DMA_Abort                            0x08000929   Thumb Code    90  stm32l4xx_hal_dma.o(i.HAL_DMA_Abort)
    HAL_DMA_Abort_IT                         0x08000983   Thumb Code    92  stm32l4xx_hal_dma.o(i.HAL_DMA_Abort_IT)
    HAL_DMA_IRQHandler                       0x080009df   Thumb Code   254  stm32l4xx_hal_dma.o(i.HAL_DMA_IRQHandler)
    HAL_DMA_Init                             0x08000add   Thumb Code   258  stm32l4xx_hal_dma.o(i.HAL_DMA_Init)
    HAL_DMA_Start_IT                         0x08000be9   Thumb Code   156  stm32l4xx_hal_dma.o(i.HAL_DMA_Start_IT)
    HAL_Delay                                0x08000c85   Thumb Code    36  stm32l4xx_hal.o(i.HAL_Delay)
    HAL_GPIO_Init                            0x08000cad   Thumb Code   418  stm32l4xx_hal_gpio.o(i.HAL_GPIO_Init)
    HAL_GPIO_ReadPin                         0x08000e6d   Thumb Code    16  stm32l4xx_hal_gpio.o(i.HAL_GPIO_ReadPin)
    HAL_GPIO_TogglePin                       0x08000e7d   Thumb Code    20  stm32l4xx_hal_gpio.o(i.HAL_GPIO_TogglePin)
    HAL_GPIO_WritePin                        0x08000e91   Thumb Code    10  stm32l4xx_hal_gpio.o(i.HAL_GPIO_WritePin)
    HAL_GetTick                              0x08000e9d   Thumb Code     6  stm32l4xx_hal.o(i.HAL_GetTick)
    HAL_I2CEx_ConfigAnalogFilter             0x08000ea9   Thumb Code   106  stm32l4xx_hal_i2c_ex.o(i.HAL_I2CEx_ConfigAnalogFilter)
    HAL_I2CEx_ConfigDigitalFilter            0x08000f13   Thumb Code   104  stm32l4xx_hal_i2c_ex.o(i.HAL_I2CEx_ConfigDigitalFilter)
    HAL_I2C_Init                             0x08000f7d   Thumb Code   192  stm32l4xx_hal_i2c.o(i.HAL_I2C_Init)
    HAL_I2C_Mem_Write                        0x08001041   Thumb Code   402  stm32l4xx_hal_i2c.o(i.HAL_I2C_Mem_Write)
    HAL_I2C_MspInit                          0x080011e1   Thumb Code   136  stm32l4xx_hal_msp.o(i.HAL_I2C_MspInit)
    HAL_IWDG_Init                            0x08001275   Thumb Code   112  stm32l4xx_hal_iwdg.o(i.HAL_IWDG_Init)
    HAL_IWDG_Refresh                         0x080012e5   Thumb Code    14  stm32l4xx_hal_iwdg.o(i.HAL_IWDG_Refresh)
    HAL_IncTick                              0x080012f5   Thumb Code    16  stm32l4xx_hal.o(i.HAL_IncTick)
    HAL_Init                                 0x0800130d   Thumb Code    30  stm32l4xx_hal.o(i.HAL_Init)
    HAL_InitTick                             0x0800132d   Thumb Code    74  stm32l4xx_hal.o(i.HAL_InitTick)
    HAL_MspInit                              0x08001385   Thumb Code    58  stm32l4xx_hal_msp.o(i.HAL_MspInit)
    HAL_NVIC_EnableIRQ                       0x080013c5   Thumb Code    40  stm32l4xx_hal_cortex.o(i.HAL_NVIC_EnableIRQ)
    HAL_NVIC_SetPriority                     0x080013ed   Thumb Code   124  stm32l4xx_hal_cortex.o(i.HAL_NVIC_SetPriority)
    HAL_NVIC_SetPriorityGrouping             0x08001471   Thumb Code    32  stm32l4xx_hal_cortex.o(i.HAL_NVIC_SetPriorityGrouping)
    HAL_PWREx_ControlVoltageScaling          0x08001499   Thumb Code   128  stm32l4xx_hal_pwr_ex.o(i.HAL_PWREx_ControlVoltageScaling)
    HAL_PWREx_GetVoltageRange                0x08001525   Thumb Code    10  stm32l4xx_hal_pwr_ex.o(i.HAL_PWREx_GetVoltageRange)
    HAL_RCCEx_PeriphCLKConfig                0x08001535   Thumb Code  1040  stm32l4xx_hal_rcc_ex.o(i.HAL_RCCEx_PeriphCLKConfig)
    HAL_RCC_CSSCallback                      0x08001945   Thumb Code     2  stm32l4xx_hal_rcc.o(i.HAL_RCC_CSSCallback)
    HAL_RCC_ClockConfig                      0x08001949   Thumb Code   360  stm32l4xx_hal_rcc.o(i.HAL_RCC_ClockConfig)
    HAL_RCC_EnableCSS                        0x08001ac5   Thumb Code    14  stm32l4xx_hal_rcc.o(i.HAL_RCC_EnableCSS)
    HAL_RCC_GetHCLKFreq                      0x08001ad9   Thumb Code     6  stm32l4xx_hal_rcc.o(i.HAL_RCC_GetHCLKFreq)
    HAL_RCC_GetPCLK1Freq                     0x08001ae5   Thumb Code    26  stm32l4xx_hal_rcc.o(i.HAL_RCC_GetPCLK1Freq)
    HAL_RCC_GetPCLK2Freq                     0x08001b09   Thumb Code    26  stm32l4xx_hal_rcc.o(i.HAL_RCC_GetPCLK2Freq)
    HAL_RCC_GetSysClockFreq                  0x08001b2d   Thumb Code   220  stm32l4xx_hal_rcc.o(i.HAL_RCC_GetSysClockFreq)
    HAL_RCC_NMI_IRQHandler                   0x08001c15   Thumb Code    30  stm32l4xx_hal_rcc.o(i.HAL_RCC_NMI_IRQHandler)
    HAL_RCC_OscConfig                        0x08001c39   Thumb Code  1878  stm32l4xx_hal_rcc.o(i.HAL_RCC_OscConfig)
    HAL_SYSTICK_Config                       0x080023a1   Thumb Code    52  stm32l4xx_hal_cortex.o(i.HAL_SYSTICK_Config)
    HAL_TIMEx_Break2Callback                 0x080023d5   Thumb Code     2  stm32l4xx_hal_tim_ex.o(i.HAL_TIMEx_Break2Callback)
    HAL_TIMEx_BreakCallback                  0x080023d7   Thumb Code     2  stm32l4xx_hal_tim_ex.o(i.HAL_TIMEx_BreakCallback)
    HAL_TIMEx_CommutCallback                 0x080023d9   Thumb Code     2  stm32l4xx_hal_tim_ex.o(i.HAL_TIMEx_CommutCallback)
    HAL_TIMEx_MasterConfigSynchronization    0x080023dd   Thumb Code   134  stm32l4xx_hal_tim_ex.o(i.HAL_TIMEx_MasterConfigSynchronization)
    HAL_TIM_Base_Init                        0x08002471   Thumb Code   110  stm32l4xx_hal_tim.o(i.HAL_TIM_Base_Init)
    HAL_TIM_Base_MspInit                     0x080024e1   Thumb Code    58  stm32l4xx_hal_msp.o(i.HAL_TIM_Base_MspInit)
    HAL_TIM_Base_Start_IT                    0x08002525   Thumb Code   114  stm32l4xx_hal_tim.o(i.HAL_TIM_Base_Start_IT)
    HAL_TIM_IC_CaptureCallback               0x080025a9   Thumb Code     2  stm32l4xx_hal_tim.o(i.HAL_TIM_IC_CaptureCallback)
    HAL_TIM_IRQHandler                       0x080025ab   Thumb Code   440  stm32l4xx_hal_tim.o(i.HAL_TIM_IRQHandler)
    HAL_TIM_OC_DelayElapsedCallback          0x08002763   Thumb Code     2  stm32l4xx_hal_tim.o(i.HAL_TIM_OC_DelayElapsedCallback)
    HAL_TIM_OnePulse_Init                    0x08002765   Thumb Code   102  stm32l4xx_hal_tim.o(i.HAL_TIM_OnePulse_Init)
    HAL_TIM_OnePulse_MspInit                 0x080027cb   Thumb Code     2  stm32l4xx_hal_tim.o(i.HAL_TIM_OnePulse_MspInit)
    HAL_TIM_PWM_PulseFinishedCallback        0x080027cd   Thumb Code     2  stm32l4xx_hal_tim.o(i.HAL_TIM_PWM_PulseFinishedCallback)
    HAL_TIM_PeriodElapsedCallback            0x080027d1   Thumb Code    40  main.o(i.HAL_TIM_PeriodElapsedCallback)
    HAL_TIM_TriggerCallback                  0x08002801   Thumb Code     2  stm32l4xx_hal_tim.o(i.HAL_TIM_TriggerCallback)
    HAL_UARTEx_ReceiveToIdle_DMA             0x08002803   Thumb Code   112  stm32l4xx_hal_uart_ex.o(i.HAL_UARTEx_ReceiveToIdle_DMA)
    HAL_UARTEx_RxEventCallback               0x08002875   Thumb Code   194  main.o(i.HAL_UARTEx_RxEventCallback)
    HAL_UARTEx_WakeupCallback                0x0800294d   Thumb Code     2  stm32l4xx_hal_uart_ex.o(i.HAL_UARTEx_WakeupCallback)
    HAL_UART_ErrorCallback                   0x0800294f   Thumb Code     2  stm32l4xx_hal_uart.o(i.HAL_UART_ErrorCallback)
    HAL_UART_IRQHandler                      0x08002951   Thumb Code   832  stm32l4xx_hal_uart.o(i.HAL_UART_IRQHandler)
    HAL_UART_Init                            0x08002c99   Thumb Code   116  stm32l4xx_hal_uart.o(i.HAL_UART_Init)
    HAL_UART_MspInit                         0x08002d0d   Thumb Code   326  stm32l4xx_hal_msp.o(i.HAL_UART_MspInit)
    HAL_UART_ReceiverTimeout_Config          0x08002e69   Thumb Code    24  stm32l4xx_hal_uart.o(i.HAL_UART_ReceiverTimeout_Config)
    HAL_UART_RxCpltCallback                  0x08002e85   Thumb Code     2  stm32l4xx_hal_uart.o(i.HAL_UART_RxCpltCallback)
    HAL_UART_RxHalfCpltCallback              0x08002e87   Thumb Code     2  stm32l4xx_hal_uart.o(i.HAL_UART_RxHalfCpltCallback)
    HAL_UART_Transmit                        0x08002e89   Thumb Code   210  stm32l4xx_hal_uart.o(i.HAL_UART_Transmit)
    HAL_UART_TxCpltCallback                  0x08002f61   Thumb Code     2  stm32l4xx_hal_uart.o(i.HAL_UART_TxCpltCallback)
    HardFault_Handler                        0x08002f63   Thumb Code     4  stm32l4xx_it.o(i.HardFault_Handler)
    Master_Rx_Data                           0x08003511   Thumb Code   356  modbus.o(i.Master_Rx_Data)
    Master_Send                              0x08003685   Thumb Code   108  modbus.o(i.Master_Send)
    MemManage_Handler                        0x080036fd   Thumb Code     4  stm32l4xx_it.o(i.MemManage_Handler)
    NMI_Handler                              0x08003701   Thumb Code     8  stm32l4xx_it.o(i.NMI_Handler)
    OLED_Clear                               0x08003709   Thumb Code    56  oled.o(i.OLED_Clear)
    OLED_Display_On                          0x08003741   Thumb Code    22  oled.o(i.OLED_Display_On)
    OLED_Init                                0x08003757   Thumb Code    14  oled.o(i.OLED_Init)
    OLED_Set_Pos                             0x08003765   Thumb Code    36  oled.o(i.OLED_Set_Pos)
    OLED_ShowCHinese                         0x08003789   Thumb Code    94  oled.o(i.OLED_ShowCHinese)
    OLED_ShowChar                            0x080037ed   Thumb Code   138  oled.o(i.OLED_ShowChar)
    OLED_ShowNum                             0x08003881   Thumb Code   142  oled.o(i.OLED_ShowNum)
    OLED_ShowString                          0x08003915   Thumb Code    88  oled.o(i.OLED_ShowString)
    OLED_WR_CMD                              0x0800396d   Thumb Code    34  oled.o(i.OLED_WR_CMD)
    OLED_WR_DATA                             0x08003995   Thumb Code    34  oled.o(i.OLED_WR_DATA)
    PendSV_Handler                           0x080039bd   Thumb Code     2  stm32l4xx_it.o(i.PendSV_Handler)
    SVC_Handler                              0x08003be5   Thumb Code     2  stm32l4xx_it.o(i.SVC_Handler)
    Scan_Button                              0x08003be9   Thumb Code   184  main.o(i.Scan_Button)
    SysTick_Handler                          0x08003cad   Thumb Code     8  stm32l4xx_it.o(i.SysTick_Handler)
    SystemClock_Config                       0x08003cb5   Thumb Code   124  main.o(i.SystemClock_Config)
    SystemInit                               0x08003d31   Thumb Code    14  system_stm32l4xx.o(i.SystemInit)
    TIM6_DAC_IRQHandler                      0x08003d45   Thumb Code    10  stm32l4xx_it.o(i.TIM6_DAC_IRQHandler)
    TIM_Base_SetConfig                       0x08003d55   Thumb Code   116  stm32l4xx_hal_tim.o(i.TIM_Base_SetConfig)
    UART_AdvFeatureConfig                    0x08003dd9   Thumb Code   248  stm32l4xx_hal_uart.o(i.UART_AdvFeatureConfig)
    UART_CheckIdleState                      0x08003ed1   Thumb Code   114  stm32l4xx_hal_uart.o(i.UART_CheckIdleState)
    UART_SetConfig                           0x08004139   Thumb Code   776  stm32l4xx_hal_uart.o(i.UART_SetConfig)
    UART_Start_Receive_DMA                   0x08004469   Thumb Code   198  stm32l4xx_hal_uart.o(i.UART_Start_Receive_DMA)
    UART_WaitOnFlagUntilTimeout              0x0800453d   Thumb Code   248  stm32l4xx_hal_uart.o(i.UART_WaitOnFlagUntilTimeout)
    USART2_IRQHandler                        0x08004635   Thumb Code    10  stm32l4xx_it.o(i.USART2_IRQHandler)
    UsageFault_Handler                       0x08004645   Thumb Code     4  stm32l4xx_it.o(i.UsageFault_Handler)
    UserDataTreatment                        0x08004649   Thumb Code    26  main.o(i.UserDataTreatment)
    WriteCmd                                 0x0800466d   Thumb Code    46  oled.o(i.WriteCmd)
    __0printf                                0x080046a5   Thumb Code    22  printfa.o(i.__0printf)
    __1printf                                0x080046a5   Thumb Code     0  printfa.o(i.__0printf)
    __2printf                                0x080046a5   Thumb Code     0  printfa.o(i.__0printf)
    __c89printf                              0x080046a5   Thumb Code     0  printfa.o(i.__0printf)
    printf                                   0x080046a5   Thumb Code     0  printfa.o(i.__0printf)
    __0sprintf                               0x080046c5   Thumb Code    34  printfa.o(i.__0sprintf)
    __1sprintf                               0x080046c5   Thumb Code     0  printfa.o(i.__0sprintf)
    __2sprintf                               0x080046c5   Thumb Code     0  printfa.o(i.__0sprintf)
    __c89sprintf                             0x080046c5   Thumb Code     0  printfa.o(i.__0sprintf)
    sprintf                                  0x080046c5   Thumb Code     0  printfa.o(i.__0sprintf)
    __scatterload_copy                       0x08004725   Thumb Code    14  handlers.o(i.__scatterload_copy)
    __scatterload_null                       0x08004733   Thumb Code     2  handlers.o(i.__scatterload_null)
    __scatterload_zeroinit                   0x08004735   Thumb Code    14  handlers.o(i.__scatterload_zeroinit)
    fputc                                    0x08004fe9   Thumb Code    26  retarget_io.o(i.fputc)
    main                                     0x08005009   Thumb Code   516  main.o(i.main)
    oled_Init                                0x08005261   Thumb Code    16  main.o(i.oled_Init)
    oled_pow                                 0x08005271   Thumb Code    22  oled.o(i.oled_pow)
    oled_show_inf                            0x08005289   Thumb Code   350  main.o(i.oled_show_inf)
    stdout_putchar                           0x08005405   Thumb Code    20  main.o(i.stdout_putchar)
    AHBPrescTable                            0x0800541c   Data          16  system_stm32l4xx.o(.constdata)
    APBPrescTable                            0x0800542c   Data           8  system_stm32l4xx.o(.constdata)
    MSIRangeTable                            0x08005434   Data          48  system_stm32l4xx.o(.constdata)
    F6x8                                     0x08005664   Data         552  oled.o(.constdata)
    F8x16                                    0x0800588c   Data        1520  oled.o(.constdata)
    Region$$Table$$Base                      0x08005ebc   Number         0  anon$$obj.o(Region$$Table)
    Region$$Table$$Limit                     0x08005edc   Number         0  anon$$obj.o(Region$$Table)
    button_time_count                        0x20000000   Data           4  main.o(.data)
    button_flag                              0x20000004   Data           4  main.o(.data)
    modbus_status                            0x20000008   Data           1  main.o(.data)
    uwNbReceivedChars                        0x2000000c   Data           4  main.o(.data)
    pBufferReadyForUser                      0x20000010   Data           4  main.o(.data)
    pBufferReadyForReception                 0x20000014   Data           4  main.o(.data)
    modbus_data_flag                         0x20000018   Data           4  main.o(.data)
    Data_Type_e                              0x2000001c   Data           1  main.o(.data)
    Instantaneous_flow_unit_name             0x20000020   Data          48  main.o(.data)
    Forward_flow_unit_name                   0x20000050   Data          16  main.o(.data)
    show_addr_flag                           0x20000060   Data           4  main.o(.data)
    send_cmd                                 0x20000064   Data           8  main.o(.data)
    uwTick                                   0x20000074   Data           4  stm32l4xx_hal.o(.data)
    uwTickPrio                               0x20000078   Data           4  stm32l4xx_hal.o(.data)
    uwTickFreq                               0x2000007c   Data           1  stm32l4xx_hal.o(.data)
    SystemCoreClock                          0x20000080   Data           4  system_stm32l4xx.o(.data)
    Hzk                                      0x2000008e   Data        2048  oled.o(.data)
    CMD_Data                                 0x2000088e   Data          27  oled.o(.data)
    __stdout                                 0x200008ac   Data           4  stdout.o(.data)
    hi2c1                                    0x200008b0   Data          76  main.o(.bss)
    hiwdg                                    0x200008fc   Data          16  main.o(.bss)
    htim6                                    0x2000090c   Data          76  main.o(.bss)
    huart1                                   0x20000958   Data         132  main.o(.bss)
    huart2                                   0x200009dc   Data         132  main.o(.bss)
    hdma_usart2_rx                           0x20000a60   Data          72  main.o(.bss)
    aRXBufferUser                            0x20000aa8   Data          30  main.o(.bss)
    aRXBufferA                               0x20000ac6   Data          30  main.o(.bss)
    aRXBufferB                               0x20000ae4   Data          30  main.o(.bss)
    data_from_r                              0x20000b04   Data         160  main.o(.bss)
    __initial_sp                             0x20000fa8   Data           0  startup_stm32l462xx.o(STACK)



==============================================================================

Memory Map of the image

  Image Entry point : 0x08000195

  Load Region LR_IROM1 (Base: 0x08000000, Size: 0x0000678c, Max: 0x00080000, ABSOLUTE, COMPRESSED[0x00006274])

    Execution Region ER_IROM1 (Exec base: 0x08000000, Load base: 0x08000000, Size: 0x00005edc, Max: 0x00080000, ABSOLUTE)

    Exec Addr    Load Addr    Size         Type   Attr      Idx    E Section Name        Object

    0x08000000   0x08000000   0x00000194   Data   RO            3    RESET               startup_stm32l462xx.o
    0x08000194   0x08000194   0x00000000   Code   RO          699  * .ARM.Collect$$$$00000000  mc_w.l(entry.o)
    0x08000194   0x08000194   0x00000004   Code   RO          842    .ARM.Collect$$$$00000001  mc_w.l(entry2.o)
    0x08000198   0x08000198   0x00000004   Code   RO          845    .ARM.Collect$$$$00000004  mc_w.l(entry5.o)
    0x0800019c   0x0800019c   0x00000000   Code   RO          847    .ARM.Collect$$$$00000008  mc_w.l(entry7b.o)
    0x0800019c   0x0800019c   0x00000000   Code   RO          849    .ARM.Collect$$$$0000000A  mc_w.l(entry8b.o)
    0x0800019c   0x0800019c   0x00000008   Code   RO          850    .ARM.Collect$$$$0000000B  mc_w.l(entry9a.o)
    0x080001a4   0x080001a4   0x00000004   Code   RO          857    .ARM.Collect$$$$0000000E  mc_w.l(entry12b.o)
    0x080001a8   0x080001a8   0x00000000   Code   RO          852    .ARM.Collect$$$$0000000F  mc_w.l(entry10a.o)
    0x080001a8   0x080001a8   0x00000000   Code   RO          854    .ARM.Collect$$$$00000011  mc_w.l(entry11a.o)
    0x080001a8   0x080001a8   0x00000004   Code   RO          843    .ARM.Collect$$$$00002712  mc_w.l(entry2.o)
    0x080001ac   0x080001ac   0x00000024   Code   RO            4    .text               startup_stm32l462xx.o
    0x080001d0   0x080001d0   0x00000068   Code   RO          706    .text               mc_w.l(uldiv.o)
    0x08000238   0x08000238   0x00000024   Code   RO          707    .text               mc_w.l(memseta.o)
    0x0800025c   0x0800025c   0x0000015e   Code   RO          839    .text               mf_w.l(dadd.o)
    0x080003ba   0x080003ba   0x00000022   Code   RO          840    .text               mf_w.l(dflti.o)
    0x080003dc   0x080003dc   0x00000026   Code   RO          841    .text               mf_w.l(f2d.o)
    0x08000402   0x08000402   0x0000002c   Code   RO          858    .text               mc_w.l(uidiv.o)
    0x0800042e   0x0800042e   0x0000001e   Code   RO          859    .text               mc_w.l(llshl.o)
    0x0800044c   0x0800044c   0x00000020   Code   RO          860    .text               mc_w.l(llushr.o)
    0x0800046c   0x0800046c   0x00000024   Code   RO          861    .text               mc_w.l(llsshr.o)
    0x08000490   0x08000490   0x00000000   Code   RO          862    .text               mc_w.l(iusefp.o)
    0x08000490   0x08000490   0x000000ba   Code   RO          863    .text               mf_w.l(depilogue.o)
    0x0800054a   0x0800054a   0x000000ea   Code   RO          864    .text               mf_w.l(dmul.o)
    0x08000634   0x08000634   0x000000de   Code   RO          865    .text               mf_w.l(ddiv.o)
    0x08000712   0x08000712   0x00000030   Code   RO          866    .text               mf_w.l(dfixul.o)
    0x08000742   0x08000742   0x00000002   PAD
    0x08000744   0x08000744   0x00000030   Code   RO          867    .text               mf_w.l(cdrcmple.o)
    0x08000774   0x08000774   0x00000024   Code   RO          868    .text               mc_w.l(init.o)
    0x08000798   0x08000798   0x0000005e   Code   RO          874    .text               mc_w.l(__dclz77c.o)
    0x080007f6   0x080007f6   0x00000002   PAD
    0x080007f8   0x080007f8   0x00000038   Code   RO          666    i.App_Tab_Get_CRC16  crc16.o
    0x08000830   0x08000830   0x00000074   Code   RO            8    i.Bsp_Init          main.o
    0x080008a4   0x080008a4   0x00000004   Code   RO           32    i.BusFault_Handler  stm32l4xx_it.o
    0x080008a8   0x080008a8   0x00000010   Code   RO           33    i.DMA1_Channel6_IRQHandler  stm32l4xx_it.o
    0x080008b8   0x080008b8   0x00000030   Code   RO          287    i.DMA_SetConfig     stm32l4xx_hal_dma.o
    0x080008e8   0x080008e8   0x00000002   Code   RO           34    i.DebugMon_Handler  stm32l4xx_it.o
    0x080008ea   0x080008ea   0x00000002   PAD
    0x080008ec   0x080008ec   0x0000003c   Code   RO            9    i.Error_Handler     main.o
    0x08000928   0x08000928   0x0000005a   Code   RO          288    i.HAL_DMA_Abort     stm32l4xx_hal_dma.o
    0x08000982   0x08000982   0x0000005c   Code   RO          289    i.HAL_DMA_Abort_IT  stm32l4xx_hal_dma.o
    0x080009de   0x080009de   0x000000fe   Code   RO          293    i.HAL_DMA_IRQHandler  stm32l4xx_hal_dma.o
    0x08000adc   0x08000adc   0x0000010c   Code   RO          294    i.HAL_DMA_Init      stm32l4xx_hal_dma.o
    0x08000be8   0x08000be8   0x0000009c   Code   RO          298    i.HAL_DMA_Start_IT  stm32l4xx_hal_dma.o
    0x08000c84   0x08000c84   0x00000028   Code   RO          155    i.HAL_Delay         stm32l4xx_hal.o
    0x08000cac   0x08000cac   0x000001c0   Code   RO          279    i.HAL_GPIO_Init     stm32l4xx_hal_gpio.o
    0x08000e6c   0x08000e6c   0x00000010   Code   RO          281    i.HAL_GPIO_ReadPin  stm32l4xx_hal_gpio.o
    0x08000e7c   0x08000e7c   0x00000014   Code   RO          282    i.HAL_GPIO_TogglePin  stm32l4xx_hal_gpio.o
    0x08000e90   0x08000e90   0x0000000a   Code   RO          283    i.HAL_GPIO_WritePin  stm32l4xx_hal_gpio.o
    0x08000e9a   0x08000e9a   0x00000002   PAD
    0x08000e9c   0x08000e9c   0x0000000c   Code   RO          159    i.HAL_GetTick       stm32l4xx_hal.o
    0x08000ea8   0x08000ea8   0x0000006a   Code   RO          139    i.HAL_I2CEx_ConfigAnalogFilter  stm32l4xx_hal_i2c_ex.o
    0x08000f12   0x08000f12   0x00000068   Code   RO          140    i.HAL_I2CEx_ConfigDigitalFilter  stm32l4xx_hal_i2c_ex.o
    0x08000f7a   0x08000f7a   0x00000002   PAD
    0x08000f7c   0x08000f7c   0x000000c4   Code   RO           68    i.HAL_I2C_Init      stm32l4xx_hal_i2c.o
    0x08001040   0x08001040   0x0000019e   Code   RO           89    i.HAL_I2C_Mem_Write  stm32l4xx_hal_i2c.o
    0x080011de   0x080011de   0x00000002   PAD
    0x080011e0   0x080011e0   0x00000094   Code   RO           48    i.HAL_I2C_MspInit   stm32l4xx_hal_msp.o
    0x08001274   0x08001274   0x00000070   Code   RO          397    i.HAL_IWDG_Init     stm32l4xx_hal_iwdg.o
    0x080012e4   0x080012e4   0x0000000e   Code   RO          398    i.HAL_IWDG_Refresh  stm32l4xx_hal_iwdg.o
    0x080012f2   0x080012f2   0x00000002   PAD
    0x080012f4   0x080012f4   0x00000018   Code   RO          165    i.HAL_IncTick       stm32l4xx_hal.o
    0x0800130c   0x0800130c   0x0000001e   Code   RO          166    i.HAL_Init          stm32l4xx_hal.o
    0x0800132a   0x0800132a   0x00000002   PAD
    0x0800132c   0x0800132c   0x00000058   Code   RO          167    i.HAL_InitTick      stm32l4xx_hal.o
    0x08001384   0x08001384   0x00000040   Code   RO           49    i.HAL_MspInit       stm32l4xx_hal_msp.o
    0x080013c4   0x080013c4   0x00000028   Code   RO          367    i.HAL_NVIC_EnableIRQ  stm32l4xx_hal_cortex.o
    0x080013ec   0x080013ec   0x00000082   Code   RO          373    i.HAL_NVIC_SetPriority  stm32l4xx_hal_cortex.o
    0x0800146e   0x0800146e   0x00000002   PAD
    0x08001470   0x08001470   0x00000028   Code   RO          374    i.HAL_NVIC_SetPriorityGrouping  stm32l4xx_hal_cortex.o
    0x08001498   0x08001498   0x0000008c   Code   RO          326    i.HAL_PWREx_ControlVoltageScaling  stm32l4xx_hal_pwr_ex.o
    0x08001524   0x08001524   0x00000010   Code   RO          353    i.HAL_PWREx_GetVoltageRange  stm32l4xx_hal_pwr_ex.o
    0x08001534   0x08001534   0x00000410   Code   RO          227    i.HAL_RCCEx_PeriphCLKConfig  stm32l4xx_hal_rcc_ex.o
    0x08001944   0x08001944   0x00000002   Code   RO          187    i.HAL_RCC_CSSCallback  stm32l4xx_hal_rcc.o
    0x08001946   0x08001946   0x00000002   PAD
    0x08001948   0x08001948   0x0000017c   Code   RO          188    i.HAL_RCC_ClockConfig  stm32l4xx_hal_rcc.o
    0x08001ac4   0x08001ac4   0x00000014   Code   RO          190    i.HAL_RCC_EnableCSS  stm32l4xx_hal_rcc.o
    0x08001ad8   0x08001ad8   0x0000000c   Code   RO          192    i.HAL_RCC_GetHCLKFreq  stm32l4xx_hal_rcc.o
    0x08001ae4   0x08001ae4   0x00000024   Code   RO          194    i.HAL_RCC_GetPCLK1Freq  stm32l4xx_hal_rcc.o
    0x08001b08   0x08001b08   0x00000024   Code   RO          195    i.HAL_RCC_GetPCLK2Freq  stm32l4xx_hal_rcc.o
    0x08001b2c   0x08001b2c   0x000000e8   Code   RO          197    i.HAL_RCC_GetSysClockFreq  stm32l4xx_hal_rcc.o
    0x08001c14   0x08001c14   0x00000024   Code   RO          199    i.HAL_RCC_NMI_IRQHandler  stm32l4xx_hal_rcc.o
    0x08001c38   0x08001c38   0x00000768   Code   RO          200    i.HAL_RCC_OscConfig  stm32l4xx_hal_rcc.o
    0x080023a0   0x080023a0   0x00000034   Code   RO          378    i.HAL_SYSTICK_Config  stm32l4xx_hal_cortex.o
    0x080023d4   0x080023d4   0x00000002   Code   RO          526    i.HAL_TIMEx_Break2Callback  stm32l4xx_hal_tim_ex.o
    0x080023d6   0x080023d6   0x00000002   Code   RO          527    i.HAL_TIMEx_BreakCallback  stm32l4xx_hal_tim_ex.o
    0x080023d8   0x080023d8   0x00000002   Code   RO          528    i.HAL_TIMEx_CommutCallback  stm32l4xx_hal_tim_ex.o
    0x080023da   0x080023da   0x00000002   PAD
    0x080023dc   0x080023dc   0x00000094   Code   RO          548    i.HAL_TIMEx_MasterConfigSynchronization  stm32l4xx_hal_tim_ex.o
    0x08002470   0x08002470   0x0000006e   Code   RO          404    i.HAL_TIM_Base_Init  stm32l4xx_hal_tim.o
    0x080024de   0x080024de   0x00000002   PAD
    0x080024e0   0x080024e0   0x00000044   Code   RO           51    i.HAL_TIM_Base_MspInit  stm32l4xx_hal_msp.o
    0x08002524   0x08002524   0x00000084   Code   RO          409    i.HAL_TIM_Base_Start_IT  stm32l4xx_hal_tim.o
    0x080025a8   0x080025a8   0x00000002   Code   RO          438    i.HAL_TIM_IC_CaptureCallback  stm32l4xx_hal_tim.o
    0x080025aa   0x080025aa   0x000001b8   Code   RO          452    i.HAL_TIM_IRQHandler  stm32l4xx_hal_tim.o
    0x08002762   0x08002762   0x00000002   Code   RO          455    i.HAL_TIM_OC_DelayElapsedCallback  stm32l4xx_hal_tim.o
    0x08002764   0x08002764   0x00000066   Code   RO          469    i.HAL_TIM_OnePulse_Init  stm32l4xx_hal_tim.o
    0x080027ca   0x080027ca   0x00000002   Code   RO          471    i.HAL_TIM_OnePulse_MspInit  stm32l4xx_hal_tim.o
    0x080027cc   0x080027cc   0x00000002   Code   RO          482    i.HAL_TIM_PWM_PulseFinishedCallback  stm32l4xx_hal_tim.o
    0x080027ce   0x080027ce   0x00000002   PAD
    0x080027d0   0x080027d0   0x00000030   Code   RO           10    i.HAL_TIM_PeriodElapsedCallback  main.o
    0x08002800   0x08002800   0x00000002   Code   RO          495    i.HAL_TIM_TriggerCallback  stm32l4xx_hal_tim.o
    0x08002802   0x08002802   0x00000070   Code   RO          650    i.HAL_UARTEx_ReceiveToIdle_DMA  stm32l4xx_hal_uart_ex.o
    0x08002872   0x08002872   0x00000002   PAD
    0x08002874   0x08002874   0x000000d8   Code   RO           11    i.HAL_UARTEx_RxEventCallback  main.o
    0x0800294c   0x0800294c   0x00000002   Code   RO          653    i.HAL_UARTEx_WakeupCallback  stm32l4xx_hal_uart_ex.o
    0x0800294e   0x0800294e   0x00000002   Code   RO          599    i.HAL_UART_ErrorCallback  stm32l4xx_hal_uart.o
    0x08002950   0x08002950   0x00000348   Code   RO          602    i.HAL_UART_IRQHandler  stm32l4xx_hal_uart.o
    0x08002c98   0x08002c98   0x00000074   Code   RO          603    i.HAL_UART_Init     stm32l4xx_hal_uart.o
    0x08002d0c   0x08002d0c   0x0000015c   Code   RO           53    i.HAL_UART_MspInit  stm32l4xx_hal_msp.o
    0x08002e68   0x08002e68   0x0000001c   Code   RO          609    i.HAL_UART_ReceiverTimeout_Config  stm32l4xx_hal_uart.o
    0x08002e84   0x08002e84   0x00000002   Code   RO          610    i.HAL_UART_RxCpltCallback  stm32l4xx_hal_uart.o
    0x08002e86   0x08002e86   0x00000002   Code   RO          611    i.HAL_UART_RxHalfCpltCallback  stm32l4xx_hal_uart.o
    0x08002e88   0x08002e88   0x000000d8   Code   RO          612    i.HAL_UART_Transmit  stm32l4xx_hal_uart.o
    0x08002f60   0x08002f60   0x00000002   Code   RO          615    i.HAL_UART_TxCpltCallback  stm32l4xx_hal_uart.o
    0x08002f62   0x08002f62   0x00000004   Code   RO           35    i.HardFault_Handler  stm32l4xx_it.o
    0x08002f66   0x08002f66   0x00000028   Code   RO          115    i.I2C_Flush_TXDR    stm32l4xx_hal_i2c.o
    0x08002f8e   0x08002f8e   0x00000002   PAD
    0x08002f90   0x08002f90   0x0000014e   Code   RO          123    i.I2C_IsErrorOccurred  stm32l4xx_hal_i2c.o
    0x080030de   0x080030de   0x00000002   PAD
    0x080030e0   0x080030e0   0x0000007c   Code   RO          127    i.I2C_RequestMemoryWrite  stm32l4xx_hal_i2c.o
    0x0800315c   0x0800315c   0x00000038   Code   RO          130    i.I2C_TransferConfig  stm32l4xx_hal_i2c.o
    0x08003194   0x08003194   0x0000005e   Code   RO          132    i.I2C_WaitOnFlagUntilTimeout  stm32l4xx_hal_i2c.o
    0x080031f2   0x080031f2   0x00000056   Code   RO          134    i.I2C_WaitOnSTOPFlagUntilTimeout  stm32l4xx_hal_i2c.o
    0x08003248   0x08003248   0x0000005a   Code   RO          135    i.I2C_WaitOnTXISFlagUntilTimeout  stm32l4xx_hal_i2c.o
    0x080032a2   0x080032a2   0x00000002   PAD
    0x080032a4   0x080032a4   0x00000034   Code   RO           12    i.MX_DMA_Init       main.o
    0x080032d8   0x080032d8   0x000000d8   Code   RO           13    i.MX_GPIO_Init      main.o
    0x080033b0   0x080033b0   0x00000058   Code   RO           14    i.MX_I2C1_Init      main.o
    0x08003408   0x08003408   0x0000002c   Code   RO           15    i.MX_IWDG_Init      main.o
    0x08003434   0x08003434   0x0000005c   Code   RO           16    i.MX_TIM6_Init      main.o
    0x08003490   0x08003490   0x00000040   Code   RO           17    i.MX_USART1_UART_Init  main.o
    0x080034d0   0x080034d0   0x00000040   Code   RO           18    i.MX_USART2_UART_Init  main.o
    0x08003510   0x08003510   0x00000174   Code   RO          671    i.Master_Rx_Data    modbus.o
    0x08003684   0x08003684   0x00000078   Code   RO          672    i.Master_Send       modbus.o
    0x080036fc   0x080036fc   0x00000004   Code   RO           36    i.MemManage_Handler  stm32l4xx_it.o
    0x08003700   0x08003700   0x00000008   Code   RO           37    i.NMI_Handler       stm32l4xx_it.o
    0x08003708   0x08003708   0x00000038   Code   RO          677    i.OLED_Clear        oled.o
    0x08003740   0x08003740   0x00000016   Code   RO          680    i.OLED_Display_On   oled.o
    0x08003756   0x08003756   0x0000000e   Code   RO          681    i.OLED_Init         oled.o
    0x08003764   0x08003764   0x00000024   Code   RO          683    i.OLED_Set_Pos      oled.o
    0x08003788   0x08003788   0x00000064   Code   RO          684    i.OLED_ShowCHinese  oled.o
    0x080037ec   0x080037ec   0x00000094   Code   RO          685    i.OLED_ShowChar     oled.o
    0x08003880   0x08003880   0x00000094   Code   RO          686    i.OLED_ShowNum      oled.o
    0x08003914   0x08003914   0x00000058   Code   RO          687    i.OLED_ShowString   oled.o
    0x0800396c   0x0800396c   0x00000028   Code   RO          688    i.OLED_WR_CMD       oled.o
    0x08003994   0x08003994   0x00000028   Code   RO          689    i.OLED_WR_DATA      oled.o
    0x080039bc   0x080039bc   0x00000002   Code   RO           38    i.PendSV_Handler    stm32l4xx_it.o
    0x080039be   0x080039be   0x00000002   PAD
    0x080039c0   0x080039c0   0x00000188   Code   RO          231    i.RCCEx_PLLSAI1_Config  stm32l4xx_hal_rcc_ex.o
    0x08003b48   0x08003b48   0x0000009c   Code   RO          201    i.RCC_SetFlashLatencyFromMSIRange  stm32l4xx_hal_rcc.o
    0x08003be4   0x08003be4   0x00000002   Code   RO           39    i.SVC_Handler       stm32l4xx_it.o
    0x08003be6   0x08003be6   0x00000002   PAD
    0x08003be8   0x08003be8   0x000000c4   Code   RO           19    i.Scan_Button       main.o
    0x08003cac   0x08003cac   0x00000008   Code   RO           40    i.SysTick_Handler   stm32l4xx_it.o
    0x08003cb4   0x08003cb4   0x0000007c   Code   RO           20    i.SystemClock_Config  main.o
    0x08003d30   0x08003d30   0x00000014   Code   RO          659    i.SystemInit        system_stm32l4xx.o
    0x08003d44   0x08003d44   0x00000010   Code   RO           41    i.TIM6_DAC_IRQHandler  stm32l4xx_it.o
    0x08003d54   0x08003d54   0x00000084   Code   RO          497    i.TIM_Base_SetConfig  stm32l4xx_hal_tim.o
    0x08003dd8   0x08003dd8   0x000000f8   Code   RO          617    i.UART_AdvFeatureConfig  stm32l4xx_hal_uart.o
    0x08003ed0   0x08003ed0   0x00000072   Code   RO          618    i.UART_CheckIdleState  stm32l4xx_hal_uart.o
    0x08003f42   0x08003f42   0x00000018   Code   RO          619    i.UART_DMAAbortOnError  stm32l4xx_hal_uart.o
    0x08003f5a   0x08003f5a   0x0000005a   Code   RO          620    i.UART_DMAError     stm32l4xx_hal_uart.o
    0x08003fb4   0x08003fb4   0x000000ae   Code   RO          621    i.UART_DMAReceiveCplt  stm32l4xx_hal_uart.o
    0x08004062   0x08004062   0x00000022   Code   RO          623    i.UART_DMARxHalfCplt  stm32l4xx_hal_uart.o
    0x08004084   0x08004084   0x00000064   Code   RO          629    i.UART_EndRxTransfer  stm32l4xx_hal_uart.o
    0x080040e8   0x080040e8   0x0000002e   Code   RO          630    i.UART_EndTransmit_IT  stm32l4xx_hal_uart.o
    0x08004116   0x08004116   0x00000020   Code   RO          631    i.UART_EndTxTransfer  stm32l4xx_hal_uart.o
    0x08004136   0x08004136   0x00000002   PAD
    0x08004138   0x08004138   0x0000032e   Code   RO          634    i.UART_SetConfig    stm32l4xx_hal_uart.o
    0x08004466   0x08004466   0x00000002   PAD
    0x08004468   0x08004468   0x000000d4   Code   RO          635    i.UART_Start_Receive_DMA  stm32l4xx_hal_uart.o
    0x0800453c   0x0800453c   0x000000f8   Code   RO          639    i.UART_WaitOnFlagUntilTimeout  stm32l4xx_hal_uart.o
    0x08004634   0x08004634   0x00000010   Code   RO           42    i.USART2_IRQHandler  stm32l4xx_it.o
    0x08004644   0x08004644   0x00000004   Code   RO           43    i.UsageFault_Handler  stm32l4xx_it.o
    0x08004648   0x08004648   0x00000024   Code   RO           21    i.UserDataTreatment  main.o
    0x0800466c   0x0800466c   0x00000038   Code   RO          690    i.WriteCmd          oled.o
    0x080046a4   0x080046a4   0x00000020   Code   RO          825    i.__0printf         mc_w.l(printfa.o)
    0x080046c4   0x080046c4   0x00000028   Code   RO          827    i.__0sprintf        mc_w.l(printfa.o)
    0x080046ec   0x080046ec   0x00000010   Code   RO          380    i.__NVIC_GetPriorityGrouping  stm32l4xx_hal_cortex.o
    0x080046fc   0x080046fc   0x00000028   Code   RO          381    i.__NVIC_SetPriority  stm32l4xx_hal_cortex.o
    0x08004724   0x08004724   0x0000000e   Code   RO          871    i.__scatterload_copy  mc_w.l(handlers.o)
    0x08004732   0x08004732   0x00000002   Code   RO          872    i.__scatterload_null  mc_w.l(handlers.o)
    0x08004734   0x08004734   0x0000000e   Code   RO          873    i.__scatterload_zeroinit  mc_w.l(handlers.o)
    0x08004742   0x08004742   0x00000002   PAD
    0x08004744   0x08004744   0x0000018a   Code   RO          832    i._fp_digits        mc_w.l(printfa.o)
    0x080048ce   0x080048ce   0x00000002   PAD
    0x080048d0   0x080048d0   0x000006ba   Code   RO          833    i._printf_core      mc_w.l(printfa.o)
    0x08004f8a   0x08004f8a   0x00000024   Code   RO          834    i._printf_post_padding  mc_w.l(printfa.o)
    0x08004fae   0x08004fae   0x0000002e   Code   RO          835    i._printf_pre_padding  mc_w.l(printfa.o)
    0x08004fdc   0x08004fdc   0x0000000a   Code   RO          837    i._sputc            mc_w.l(printfa.o)
    0x08004fe6   0x08004fe6   0x00000002   PAD
    0x08004fe8   0x08004fe8   0x00000020   Code   RO          698    i.fputc             retarget_io.o
    0x08005008   0x08005008   0x00000258   Code   RO           22    i.main              main.o
    0x08005260   0x08005260   0x00000010   Code   RO           23    i.oled_Init         main.o
    0x08005270   0x08005270   0x00000016   Code   RO          691    i.oled_pow          oled.o
    0x08005286   0x08005286   0x00000002   PAD
    0x08005288   0x08005288   0x0000017c   Code   RO           24    i.oled_show_inf     main.o
    0x08005404   0x08005404   0x00000018   Code   RO           25    i.stdout_putchar    main.o
    0x0800541c   0x0800541c   0x00000048   Data   RO          660    .constdata          system_stm32l4xx.o
    0x08005464   0x08005464   0x00000200   Data   RO          667    .constdata          crc16.o
    0x08005664   0x08005664   0x00000818   Data   RO          692    .constdata          oled.o
    0x08005e7c   0x08005e7c   0x0000003e   Data   RO           27    .conststring        main.o
    0x08005eba   0x08005eba   0x00000002   PAD
    0x08005ebc   0x08005ebc   0x00000020   Data   RO          869    Region$$Table       anon$$obj.o


    Execution Region RW_IRAM2 (Exec base: 0x10000000, Load base: 0x08006274, Size: 0x00000000, Max: 0x00008000, ABSOLUTE)

    **** No section assigned to this execution region ****


    Execution Region RW_IRAM1 (Exec base: 0x20000000, Load base: 0x08005edc, Size: 0x00000fa8, Max: 0x00020000, ABSOLUTE, COMPRESSED[0x00000398])

    Exec Addr    Load Addr    Size         Type   Attr      Idx    E Section Name        Object

    0x20000000   COMPRESSED   0x00000071   Data   RW           28    .data               main.o
    0x20000071   COMPRESSED   0x00000003   PAD
    0x20000074   COMPRESSED   0x00000009   Data   RW          183    .data               stm32l4xx_hal.o
    0x2000007d   COMPRESSED   0x00000003   PAD
    0x20000080   COMPRESSED   0x00000004   Data   RW          661    .data               system_stm32l4xx.o
    0x20000084   COMPRESSED   0x0000000a   Data   RW          673    .data               modbus.o
    0x2000008e   COMPRESSED   0x0000081b   Data   RW          693    .data               oled.o
    0x200008a9   COMPRESSED   0x00000003   PAD
    0x200008ac   COMPRESSED   0x00000004   Data   RW          704    .data               mc_w.l(stdout.o)
    0x200008b0        -       0x000002f4   Zero   RW           26    .bss                main.o
    0x20000ba4   COMPRESSED   0x00000004   PAD
    0x20000ba8        -       0x00000400   Zero   RW            1    STACK               startup_stm32l462xx.o


==============================================================================

Image component sizes


      Code (inc. data)   RO Data    RW Data    ZI Data      Debug   Object Name

        56          8        512          0          0          0   crc16.o
      2436        302         62        113        756          0   main.o
       492         28          0         10          0          0   modbus.o
       770         38       2072       2075          0          0   oled.o
        32          6          0          0          0          0   retarget_io.o
        36          8        404          0       1024          0   startup_stm32l462xx.o
       194         32          0          9          0          0   stm32l4xx_hal.o
       318         22          0          0          0          0   stm32l4xx_hal_cortex.o
       908         10          0          0          0          0   stm32l4xx_hal_dma.o
       494         30          0          0          0          0   stm32l4xx_hal_gpio.o
      1434         22          0          0          0          0   stm32l4xx_hal_i2c.o
       210          0          0          0          0          0   stm32l4xx_hal_i2c_ex.o
       126          0          0          0          0          0   stm32l4xx_hal_iwdg.o
       628         50          0          0          0          0   stm32l4xx_hal_msp.o
       156         18          0          0          0          0   stm32l4xx_hal_pwr_ex.o
      2806        116          0          0          0          0   stm32l4xx_hal_rcc.o
      1432         24          0          0          0          0   stm32l4xx_hal_rcc_ex.o
       926         34          0          0          0          0   stm32l4xx_hal_tim.o
       154         14          0          0          0          0   stm32l4xx_hal_tim_ex.o
      3344         78          0          0          0          0   stm32l4xx_hal_uart.o
       114          0          0          0          0          0   stm32l4xx_hal_uart_ex.o
        86         18          0          0          0          0   stm32l4xx_it.o
        20          6         72          4          0          0   system_stm32l4xx.o

    ----------------------------------------------------------------------
     17212        864       3156       2220       1784          0   Object Totals
         0          0         32          0          0          0   (incl. Generated)
        40          0          2          9          4          0   (incl. Padding)

    ----------------------------------------------------------------------

      Code (inc. data)   RO Data    RW Data    ZI Data      Debug   Library Member Name

        94          0          0          0          0          0   __dclz77c.o
         0          0          0          0          0          0   entry.o
         0          0          0          0          0          0   entry10a.o
         0          0          0          0          0          0   entry11a.o
         4          0          0          0          0          0   entry12b.o
         8          4          0          0          0          0   entry2.o
         4          0          0          0          0          0   entry5.o
         0          0          0          0          0          0   entry7b.o
         0          0          0          0          0          0   entry8b.o
         8          4          0          0          0          0   entry9a.o
        30          0          0          0          0          0   handlers.o
        36          8          0          0          0          0   init.o
         0          0          0          0          0          0   iusefp.o
        30          0          0          0          0          0   llshl.o
        36          0          0          0          0          0   llsshr.o
        32          0          0          0          0          0   llushr.o
        36          0          0          0          0          0   memseta.o
      2280         96          0          0          0          0   printfa.o
         0          0          0          4          0          0   stdout.o
        44          0          0          0          0          0   uidiv.o
       104          0          0          0          0          0   uldiv.o
        48          0          0          0          0          0   cdrcmple.o
       350          0          0          0          0          0   dadd.o
       222          0          0          0          0          0   ddiv.o
       186          0          0          0          0          0   depilogue.o
        48          0          0          0          0          0   dfixul.o
        34          0          0          0          0          0   dflti.o
       234          0          0          0          0          0   dmul.o
        38          0          0          0          0          0   f2d.o

    ----------------------------------------------------------------------
      3916        112          0          4          0          0   Library Totals
        10          0          0          0          0          0   (incl. Padding)

    ----------------------------------------------------------------------

      Code (inc. data)   RO Data    RW Data    ZI Data      Debug   Library Name

      2746        112          0          4          0          0   mc_w.l
      1160          0          0          0          0          0   mf_w.l

    ----------------------------------------------------------------------
      3916        112          0          4          0          0   Library Totals

    ----------------------------------------------------------------------

==============================================================================


      Code (inc. data)   RO Data    RW Data    ZI Data      Debug   

     21128        976       3156       2224       1784          0   Grand Totals
     21128        976       3156        920       1784          0   ELF Image Totals (compressed)
     21128        976       3156        920          0          0   ROM Totals

==============================================================================

    Total RO  Size (Code + RO Data)                24284 (  23.71kB)
    Total RW  Size (RW Data + ZI Data)              4008 (   3.91kB)
    Total ROM Size (Code + RO Data + RW Data)      25204 (  24.61kB)

==============================================================================

